#######################################################################
##                    KULDARA CITY - ORGANIZED NPC SPAWNS             ##
#######################################################################

#######################################
##        GUARDS & SECURITY          ##
#######################################
*|TownGuards|TownGuards|||||6789|1746|40|2|5|10|2|2|1000|1|0|0|0|0|0
*|TownGuards||||||6798|1690|50|2|5|10|2|2|1000|1|0|0|0|0|0
*|TownGuards||||||6803|1774|20|2|5|10|2|2|1000|1|0|0|0|0|0
*|TownGuards||||||6809|1745|20|2|5|10|2|2|1000|1|0|0|0|0|0
*|TownGuards||||||6811|1717|10|2|5|10|2|2|1000|1|0|0|0|0|0
*|TownGuards||||||6669|1854|2|2|5|10|2|2|1000|1|0|0|0|0|0
*|TownGuards||||||6706|1820|20|2|5|10|2|2|1000|1|0|0|0|0|0
*|TownGuards||||||6706|1839|11|2|5|10|2|2|1000|1|0|0|0|0|0
*|TownGuards||||||6707|1721|50|2|5|10|2|2|1000|1|0|0|0|0|0
*|TownGuards||||||6711|1761|10|2|5|10|2|2|1000|1|0|0|0|0|0
*|TownGuards||||||6716|1729|20|2|5|10|2|2|1000|1|0|0|0|0|0
*|TownGuards||||||6731|1690|20|2|5|10|2|2|1000|1|0|0|0|0|0
*|TownGuards||||||6733|1643|30|2|5|10|2|2|1000|1|0|0|0|0|0
*|TownGuards||||||6737|1804|0|2|5|10|2|2|1000|1|0|0|0|0|0
*|TownGuards||||||6741|1834|0|2|5|10|2|2|1000|1|0|0|0|0|0
*|TownGuards||||||6751|1671|30|2|5|10|2|2|1000|1|0|0|0|0|0
*|TownGuards||||||6752|1654|30|2|5|10|2|2|1000|1|0|0|0|0|0
*|TownGuards||||||6753|1747|40|2|5|10|2|2|1000|1|0|0|0|0|0
*|TownGuards||||||6754|1760|10|2|5|10|2|2|1000|1|0|0|0|0|0
*|TownGuards||||||6773|1800|0|2|5|10|2|2|1000|1|0|0|0|0|0
*|TownGuards||||||6775|1732|20|2|5|10|2|2|1000|1|0|0|0|0|0
*|TownGuards||||||6782|1631|29|2|5|10|2|2|1000|1|0|0|0|0|0
*|TownGuards||||||6783|1834|0|2|5|10|2|2|1000|1|0|0|0|0|0
*|TownGuards||||||6736|1869|-2|2|5|10|2|2|1000|1|0|0|0|0|0
*|TownGuards||||||6778|1861|-2|2|5|10|2|2|1000|1|0|0|0|0|0
*|TownGuards||||||6782|1811|0|2|5|10|2|2|1000|1|0|0|0|0|0
*|TownGuards||||||6759|1707|20|2|5|10|2|2|1000|1|0|0|0|0|0
*|TownGuards||||||6639|1837|20|2|5|10|2|2|1000|1|0|0|0|0|0
*|TownGuards||||||6645|1842|80|2|5|10|2|2|1000|1|0|0|0|0|0
*|TownGuards||||||6817|1659|25|2|5|10|2|2|1000|1|0|0|0|0|0
*|TownGuards||||||6778|1679|30|2|5|10|2|2|1000|1|0|0|0|0|0
*|TownGuards||||||6712|1783|3|2|5|10|2|2|1000|1|0|0|0|0|0

#######################################
##       TOWN OFFICIALS              ##
#######################################
*|townherald||||||6716|1801|0|2|5|10|2|2|1|1|0|0|0|0|0


#######################################
##       METALWORKING                ##
#######################################
*|blacksmith||||||6715|1652|30|2|5|10|2|2|1|1|0|0|0|0|0
*|blacksmithguildmaster||||||6714|1659|31|2|5|10|2|2|1|1|0|0|0|0|0
*|armorer||||||6777|1691|20|2|5|10|2|2|1|1|0|0|0|0|0
*|weaponsmith||||||6643|1835|60|2|5|10|2|2|1|1|0|0|0|0|0
*|weaponsmith||||||6743|1751|10|2|5|10|2|2|1|1|0|0|0|0|0
*|ironworker||||||6648|1847|80|2|5|10|2|2|1|1|0|0|0|0|0

#######################################
##       WOODWORKING                 ##
#######################################
*|carpenter||||||6747|1784|0|2|5|10|2|2|1|1|0|0|0|0|0
*|bowyer||||||6772|1685|20|2|5|10|0|0|1|1|0|0|0|0|0
*|shipwright||||||6713|1860|10|2|5|10|2|2|1|1|0|0|0|0|0
*|architect||||||6770|1699|20|2|5|10|2|2|1|1|0|0|0|0|0
*|architect||||||6776|1698|20|2|5|10|2|2|1|1|0|0|0|0|0

#######################################
##    TEXTILES & LEATHER              ##
#######################################
*|tailor||||||6763|1796|0|2|5|10|2|2|1|1|0|0|0|0|0
*|weaver||||||6767|1790|0|2|5|10|3|3|1|1|0|0|0|0|0
*|tanner||||||6729|1714|20|2|5|10|2|2|1|1|0|0|0|0|0
*|leatherworker||||||6725|1714|20|2|5|10|2|2|1|1|0|0|0|0|0
*|cobbler||||||6779|1776|0|2|5|10|2|2|1|1|0|0|0|0|0

#######################################
##      MAGIC & ALCHEMY               ##
#######################################
*|mage||||||6788|1653|30|2|5|10|2|2|1|1|0|0|0|0|0
*|mageguildmaster||||||6783|1657|70|2|5|10|2|2|1|1|0|0|0|0|0
*|alchemist||||||6794|1765|27|2|5|10|2|2|1|1|0|0|0|0|0
*|potioncauldron||||||6795|1768|31|2|15|20|0|0|1|1|0|0|0|0|0
*|herbalist||||||6795|1761|27|2|5|10|2|2|1|1|0|0|0|0|0
*|druid||||||6806|1698|10|2|5|10|2|2|1|1|0|0|0|0|0
*|sage||||||6709|1709|50|2|5|10|2|2|1|1|0|0|0|0|0
*|sage||||||6765|1655|30|2|5|10|2|2|1|1|0|0|0|0|0

#######################################
##       FOOD & HOSPITALITY           ##
#######################################
*|baker||||||6745|1716|20|2|5|10|2|2|1|1|0|0|0|0|0
*|cook||||||6739|1654|30|2|5|10|2|2|1|1|0|0|0|0|0
*|cook||||||6747|1720|20|2|5|10|2|2|1|1|0|0|0|0|0
*|butcher||||||6747|1826|6|2|5|10|2|2|1|1|0|0|0|0|0
*|beekeeper||||||6791|1820|6|2|5|10|2|2|1|1|0|0|0|0|0
*|provisioner||||||6763|1776|0|2|5|10|2|2|1|1|0|0|0|0|0

#######################################
##     OUTDOOR & RESOURCE             ##
#######################################
*|farmer||||||6808|1671|20|2|5|10|2|2|1|1|0|0|0|0|0
*|fisherman||||||6730|1863|-2|2|5|10|2|2|1|1|0|0|0|0|0
*|miner||||||6726|1698|20|2|5|10|2|2|1|1|0|0|0|0|0
*|rancher||||||6816|1651|25|2|5|10|2|2|1|1|0|0|0|0|0
*|ranger||||||6759|1812|20|2|5|10|2|2|1|1|0|0|0|0|0
*|rangerguildmaster||||||6754|1811|0|2|5|10|2|2|1|1|0|0|0|0|0

#######################################
##     SPECIALIZED TRADES             ##
#######################################
*|jeweler||||||6716|1681|30|2|5|10|2|2|1|1|0|0|0|0|0
*|mapmaker||||||6712|1858|10|2|5|10|2|2|1|1|0|0|0|0|0
*|tinker||||||6722|1753|10|2|5|10|2|2|1|1|0|0|0|0|0
*|tinkerguildmaster||||||6720|1764|10|2|5|10|2|2|1|1|0|0|0|0|0
*|scribe||||||6707|1705|30|2|5|10|2|2|1|1|0|0|0|0|0
*|varietydealer||||||6746|1768|10|2|5|10|2|2|1|1|0|0|0|0|0

#######################################
##    ENTERTAINMENT & SERVICES         ##
#######################################
*|jester||||||6738|1682|20|2|5|10|2|2|1|1|0|0|0|0|0
*|actor||||||6749|1684|30|2|5|10|2|2|1|1|0|0|0|0|0
*|healer||||||6767|1714|20|2|5|10|2|2|1|1|0|0|0|0|0
*|animaltrainer||||||6591|1863|10|2|5|10|2|2|1|1|0|0|0|0|0
*|kungfu||||||6799|1623|40|2|5|10|2|2|1|1|0|0|0|0|0

#######################################
##      SPECIAL CHARACTERS            ##
#######################################
*|epiccharacter||||||6732|1663|31|2|5|10|0|0|1|1|0|0|0|0|0

#######################################
# the Kuldar Cemetery-----------------------------------------------------------------------
#######################################
*|spectre:ghostwarrior:wraith:zombie:ghoul:shade:zombie:Skeleton:SkeletonArcher:skeleton:zombie:Skeleton:SkeletonArcher:zombie||||||6644|1603|20|2|45|60|4|4|1|1|0|0|0|0|0
*|spectre:ghostwarrior:wraith:zombie:ghoul:shade:zombie:Skeleton:SkeletonArcher:skeleton:zombie:Skeleton:SkeletonArcher:zombie||||||6654|1575|10|2|45|60|4|4|1|1|0|0|0|0|0
*|spectre:ghostwarrior:wraith:zombie:ghoul:shade:zombie:Skeleton:SkeletonArcher:skeleton:zombie:Skeleton:SkeletonArcher:zombie||||||6655|1562|10|2|45|60|4|4|1|1|0|0|0|0|0
*|spectre:ghostwarrior:wraith:zombie:ghoul:shade:zombie:Skeleton:SkeletonArcher:skeleton:zombie:Skeleton:SkeletonArcher:zombie||||||6655|1586|10|2|45|60|4|4|1|1|0|0|0|0|0
*|spectre:ghostwarrior:wraith:zombie:ghoul:shade:zombie:Skeleton:SkeletonArcher:skeleton:zombie:Skeleton:SkeletonArcher:zombie||||||6657|1562|10|2|45|60|4|4|1|1|0|0|0|0|0
*|spectre:ghostwarrior:wraith:zombie:ghoul:shade:zombie:Skeleton:SkeletonArcher:skeleton:zombie:Skeleton:SkeletonArcher:zombie||||||6657|1586|10|2|45|60|4|4|1|1|0|0|0|0|0
*|spectre:ghostwarrior:wraith:zombie:ghoul:shade:zombie:Skeleton:SkeletonArcher:skeleton:zombie:Skeleton:SkeletonArcher:zombie||||||6661|1552|10|2|45|60|4|4|1|1|0|0|0|0|0
*|spectre:ghostwarrior:wraith:zombie:ghoul:shade:zombie:Skeleton:SkeletonArcher:skeleton:zombie:Skeleton:SkeletonArcher:zombie||||||6663|1604|10|2|45|60|4|4|1|1|0|0|0|0|0
*|spectre:ghostwarrior:wraith:zombie:ghoul:shade:zombie:Skeleton:SkeletonArcher:skeleton:zombie:Skeleton:SkeletonArcher:zombie||||||6673|1582|10|2|45|60|4|4|1|1|0|0|0|0|0
*|spectre:ghostwarrior:wraith:zombie:ghoul:shade:zombie:Skeleton:SkeletonArcher:skeleton:zombie:Skeleton:SkeletonArcher:zombie||||||6674|1576|10|2|45|60|4|4|1|1|0|0|0|0|0
*|spectre:ghostwarrior:wraith:zombie:ghoul:shade:zombie:Skeleton:SkeletonArcher:skeleton:zombie:Skeleton:SkeletonArcher:zombie||||||6676|1582|10|2|45|60|4|4|1|1|0|0|0|0|0
*|spectre:ghostwarrior:wraith:zombie:ghoul:shade:zombie:Skeleton:SkeletonArcher:skeleton:zombie:Skeleton:SkeletonArcher:zombie||||||6676|1591|10|2|45|60|4|4|1|1|0|0|0|0|0
*|spectre:ghostwarrior:wraith:zombie:ghoul:shade:zombie:Skeleton:SkeletonArcher:skeleton:zombie:Skeleton:SkeletonArcher:zombie||||||6679|1555|10|2|45|60|4|4|1|1|0|0|0|0|0

#######################################
# the Kuldara Sewers-----------------------------------------------------------------------
#######################################
*|giantspider:ratman:bullfrog:sicklyrat:sicklyrat:sicklyrat:slime:carcassworm:giantleech:giantserpent||||||6217|2843|7|2|45|60|4|4|1|1|0|0|0|0|0
*|giantspider:ratman:bullfrog:sicklyrat:sicklyrat:sicklyrat:slime:carcassworm:giantleech:giantserpent||||||6217|2950|7|2|45|60|4|4|1|1|0|0|0|0|0
*|giantspider:ratman:bullfrog:sicklyrat:sicklyrat:sicklyrat:slime:carcassworm:giantleech:giantserpent||||||6217|2968|7|2|45|60|4|4|1|1|0|0|0|0|0
*|giantspider:ratman:bullfrog:sicklyrat:sicklyrat:sicklyrat:slime:carcassworm:giantleech:giantserpent||||||6219|2873|10|2|45|60|4|4|1|1|0|0|0|0|0
*|giantspider:ratman:bullfrog:sicklyrat:sicklyrat:sicklyrat:slime:carcassworm:giantleech:giantserpent||||||6220|2989|5|2|45|60|4|4|1|1|0|0|0|0|0
*|giantspider:ratman:bullfrog:sicklyrat:sicklyrat:sicklyrat:slime:carcassworm:giantleech:giantserpent||||||6221|2924|5|2|45|60|4|4|1|1|0|0|0|0|0
*|giantspider:ratman:bullfrog:sicklyrat:sicklyrat:sicklyrat:slime:carcassworm:giantleech:giantserpent||||||6226|2939|-25|2|45|60|4|4|1|1|0|0|0|0|0
*|giantspider:ratman:bullfrog:sicklyrat:sicklyrat:sicklyrat:slime:carcassworm:giantleech:giantserpent||||||6227|2974|5|2|45|60|4|4|1|1|0|0|0|0|0
*|giantspider:ratman:bullfrog:sicklyrat:sicklyrat:sicklyrat:slime:carcassworm:giantleech:giantserpent||||||6228|2946|-25|2|45|60|4|4|1|1|0|0|0|0|0
*|giantspider:ratman:bullfrog:sicklyrat:sicklyrat:sicklyrat:slime:carcassworm:giantleech:giantserpent||||||6230|2901|10|2|45|60|4|4|1|1|0|0|0|0|0
*|giantspider:ratman:bullfrog:sicklyrat:sicklyrat:sicklyrat:slime:carcassworm:giantleech:giantserpent||||||6231|2879|5|2|45|60|4|4|1|1|0|0|0|0|0
*|giantspider:ratman:bullfrog:sicklyrat:sicklyrat:sicklyrat:slime:carcassworm:giantleech:giantserpent||||||6231|2966|-25|2|45|60|4|4|1|1|0|0|0|0|0
*|giantspider:ratman:bullfrog:sicklyrat:sicklyrat:sicklyrat:slime:carcassworm:giantleech:giantserpent||||||6232|2991|5|2|45|60|4|4|1|1|0|0|0|0|0
*|giantspider:ratman:bullfrog:sicklyrat:sicklyrat:sicklyrat:slime:carcassworm:giantleech:giantserpent||||||6233|2846|5|2|45|60|4|4|1|1|0|0|0|0|0
*|giantspider:ratman:bullfrog:sicklyrat:sicklyrat:sicklyrat:slime:carcassworm:giantleech:giantserpent||||||6233|2957|5|2|45|60|4|4|1|1|0|0|0|0|0
*|giantspider:ratman:bullfrog:sicklyrat:sicklyrat:sicklyrat:slime:carcassworm:giantleech:giantserpent||||||6234|2863|5|2|45|60|4|4|1|1|0|0|0|0|0
*|giantspider:ratman:bullfrog:sicklyrat:sicklyrat:sicklyrat:slime:carcassworm:giantleech:giantserpent||||||6234|3005|-25|2|45|60|4|4|1|1|0|0|0|0|0
*|giantspider:ratman:bullfrog:sicklyrat:sicklyrat:sicklyrat:slime:carcassworm:giantleech:giantserpent||||||6241|2832|5|2|45|60|4|4|1|1|0|0|0|0|0
*|giantspider:ratman:bullfrog:sicklyrat:sicklyrat:sicklyrat:slime:carcassworm:giantleech:giantserpent||||||6241|2947|5|2|45|60|4|4|1|1|0|0|0|0|0
*|giantspider:ratman:bullfrog:sicklyrat:sicklyrat:sicklyrat:slime:carcassworm:giantleech:giantserpent||||||6244|2976|5|2|45|60|4|4|1|1|0|0|0|0|0
*|giantspider:ratman:bullfrog:sicklyrat:sicklyrat:sicklyrat:slime:carcassworm:giantleech:giantserpent||||||6244|2995|5|2|45|60|4|4|1|1|0|0|0|0|0
*|giantspider:ratman:bullfrog:sicklyrat:sicklyrat:sicklyrat:slime:carcassworm:giantleech:giantserpent||||||6246|2941|5|2|45|60|4|4|1|1|0|0|0|0|0
*|giantspider:ratman:bullfrog:sicklyrat:sicklyrat:sicklyrat:slime:carcassworm:giantleech:giantserpent||||||6247|2874|7|2|45|60|4|4|1|1|0|0|0|0|0
*|giantspider:ratman:bullfrog:sicklyrat:sicklyrat:sicklyrat:slime:carcassworm:giantleech:giantserpent||||||6250|2957|5|2|45|60|4|4|1|1|0|0|0|0|0
*|giantspider:ratman:bullfrog:sicklyrat:sicklyrat:sicklyrat:slime:carcassworm:giantleech:giantserpent||||||6254|2863|5|2|45|60|4|4|1|1|0|0|0|0|0
*|giantspider:ratman:bullfrog:sicklyrat:sicklyrat:sicklyrat:slime:carcassworm:giantleech:giantserpent||||||6254|3023|-25|2|45|60|4|4|1|1|0|0|0|0|0
*|giantspider:ratman:bullfrog:sicklyrat:sicklyrat:sicklyrat:slime:carcassworm:giantleech:giantserpent||||||6255|2965|-25|2|45|60|4|4|1|1|0|0|0|0|0
*|giantspider:ratman:bullfrog:sicklyrat:sicklyrat:sicklyrat:slime:carcassworm:giantleech:giantserpent||||||6258|3005|-25|2|45|60|4|4|1|1|0|0|0|0|0
*|giantspider:ratman:bullfrog:sicklyrat:sicklyrat:sicklyrat:slime:carcassworm:giantleech:giantserpent||||||6178|2886|10|2|45|60|4|4|1|1|0|0|0|0|0
*|giantspider:ratman:bullfrog:sicklyrat:sicklyrat:sicklyrat:slime:carcassworm:giantleech:giantserpent||||||6268|2972|-25|2|45|60|4|4|1|1|0|0|0|0|0
*|giantspider:ratman:bullfrog:sicklyrat:sicklyrat:sicklyrat:slime:carcassworm:giantleech:giantserpent||||||6268|2993|-25|2|45|60|4|4|1|1|0|0|0|0|0
*|giantspider:ratman:bullfrog:sicklyrat:sicklyrat:sicklyrat:slime:carcassworm:giantleech:giantserpent||||||6181|2941|5|2|45|60|4|4|1|1|0|0|0|0|0
*|giantspider:ratman:bullfrog:sicklyrat:sicklyrat:sicklyrat:slime:carcassworm:giantleech:giantserpent||||||6270|2882|10|2|45|60|4|4|1|1|0|0|0|0|0
*|giantspider:ratman:bullfrog:sicklyrat:sicklyrat:sicklyrat:slime:carcassworm:giantleech:giantserpent||||||6272|2856|7|2|45|60|4|4|1|1|0|0|0|0|0
*|giantspider:ratman:bullfrog:sicklyrat:sicklyrat:sicklyrat:slime:carcassworm:giantleech:giantserpent||||||6273|2811|7|2|45|60|4|4|1|1|0|0|0|0|0
*|giantspider:ratman:bullfrog:sicklyrat:sicklyrat:sicklyrat:slime:carcassworm:giantleech:giantserpent||||||6278|2831|7|2|45|60|4|4|1|1|0|0|0|0|0
*|giantspider:ratman:bullfrog:sicklyrat:sicklyrat:sicklyrat:slime:carcassworm:giantleech:giantserpent||||||6193|2873|10|2|45|60|4|4|1|1|0|0|0|0|0
*|giantspider:ratman:bullfrog:sicklyrat:sicklyrat:sicklyrat:slime:carcassworm:giantleech:giantserpent||||||6280|2870|10|2|45|60|4|4|1|1|0|0|0|0|0
*|giantspider:ratman:bullfrog:sicklyrat:sicklyrat:sicklyrat:slime:carcassworm:giantleech:giantserpent||||||6194|2926|5|2|45|60|4|4|1|1|0|0|0|0|0
*|giantspider:ratman:bullfrog:sicklyrat:sicklyrat:sicklyrat:slime:carcassworm:giantleech:giantserpent||||||6194|2944|5|2|45|60|4|4|1|1|0|0|0|0|0
*|giantspider:ratman:bullfrog:sicklyrat:sicklyrat:sicklyrat:slime:carcassworm:giantleech:giantserpent||||||6194|3019|-25|2|45|60|4|4|1|1|0|0|0|0|0
*|giantspider:ratman:bullfrog:sicklyrat:sicklyrat:sicklyrat:slime:carcassworm:giantleech:giantserpent||||||6204|2958|5|2|45|60|4|4|1|1|0|0|0|0|0
*|giantspider:ratman:bullfrog:sicklyrat:sicklyrat:sicklyrat:slime:carcassworm:giantleech:giantserpent||||||6204|3028|-25|2|45|60|4|4|1|1|0|0|0|0|0
*|giantspider:ratman:bullfrog:sicklyrat:sicklyrat:sicklyrat:slime:carcassworm:giantleech:giantserpent||||||6205|3005|-25|2|45|60|4|4|1|1|0|0|0|0|0
*|giantspider:ratman:bullfrog:sicklyrat:sicklyrat:sicklyrat:slime:carcassworm:giantleech:giantserpent||||||6295|2854|5|2|45|60|4|4|1|1|0|0|0|0|0
*|giantspider:ratman:bullfrog:sicklyrat:sicklyrat:sicklyrat:slime:carcassworm:giantleech:giantserpent||||||6210|2828|10|2|45|60|4|4|1|1|0|0|0|0|0
*|giantspider:ratman:bullfrog:sicklyrat:sicklyrat:sicklyrat:slime:carcassworm:giantleech:giantserpent||||||6210|2872|10|2|45|60|4|4|1|1|0|0|0|0|0
*|giantspider:ratman:bullfrog:sicklyrat:sicklyrat:sicklyrat:slime:carcassworm:giantleech:giantserpent||||||6210|2915|10|2|45|60|4|4|1|1|0|0|0|0|0
*|giantspider:ratman:bullfrog:sicklyrat:sicklyrat:sicklyrat:slime:carcassworm:giantleech:giantserpent||||||6211|2852|7|2|45|60|4|4|1|1|0|0|0|0|0
*|giantspider:ratman:bullfrog:sicklyrat:sicklyrat:sicklyrat:slime:carcassworm:giantleech:giantserpent||||||6211|2885|7|2|45|60|4|4|1|1|0|0|0|0|0
*|giantspider:ratman:bullfrog:sicklyrat:sicklyrat:sicklyrat:slime:carcassworm:giantleech:giantserpent||||||6211|2896|7|2|45|60|4|4|1|1|0|0|0|0|0
*|giantspider:ratman:bullfrog:sicklyrat:sicklyrat:sicklyrat:slime:carcassworm:giantleech:giantserpent||||||6212|3006|5|2|45|60|4|4|1|1|0|0|0|0|0
*|giantspider:ratman:bullfrog:sicklyrat:sicklyrat:sicklyrat:slime:carcassworm:giantleech:giantserpent||||||6213|2983|5|2|45|60|4|4|1|1|0|0|0|0|0
*|ogremagi||||||6359|2833|6|2|45|60|4|4|1|1|0|0|0|0|0
*|ratman:ratman:ratman:ratmanarcher:ratmanarcher:ogre:ratmanmage||||||6312|2849|5|2|45|60|4|4|1|1|0|0|0|0|0
*|ratman:ratman:ratman:ratmanarcher:ratmanarcher:ogre:ratmanmage||||||6319|2824|5|2|45|60|4|4|1|1|0|0|0|0|0
*|ratman:ratman:ratman:ratmanarcher:ratmanarcher:ogre:ratmanmage||||||6319|2869|5|2|45|60|4|4|1|1|0|0|0|0|0
*|ratman:ratman:ratman:ratmanarcher:ratmanarcher:ogre:ratmanmage||||||6319|2883|5|2|45|60|4|4|1|1|0|0|0|0|0
*|ratman:ratman:ratman:ratmanarcher:ratmanarcher:ogre:ratmanmage||||||6320|2835|5|2|45|60|4|4|1|1|0|0|0|0|0
*|ratman:ratman:ratman:ratmanarcher:ratmanarcher:ogre:ratmanmage||||||6323|2851|5|2|45|60|4|4|1|1|0|0|0|0|0
*|ratman:ratman:ratman:ratmanarcher:ratmanarcher:ogre:ratmanmage||||||6323|2865|5|2|45|60|4|4|1|1|0|0|0|0|0
*|ratman:ratman:ratman:ratmanarcher:ratmanarcher:ogre:ratmanmage||||||6324|2820|5|2|45|60|4|4|1|1|0|0|0|0|0
*|ratman:ratman:ratman:ratmanarcher:ratmanarcher:ogre:ratmanmage||||||6325|2876|5|2|45|60|4|4|1|1|0|0|0|0|0
*|ratman:ratman:ratman:ratmanarcher:ratmanarcher:ogre:ratmanmage||||||6332|2867|5|2|45|60|4|4|1|1|0|0|0|0|0
*|ratman:ratman:ratman:ratmanarcher:ratmanarcher:ogre:ratmanmage||||||6332|2883|5|2|45|60|4|4|1|1|0|0|0|0|0
*|ratman:ratman:ratman:ratmanarcher:ratmanarcher:ogre:ratmanmage||||||6333|2833|5|2|45|60|4|4|1|1|0|0|0|0|0
*|ratman:ratman:ratman:ratmanarcher:ratmanarcher:ogre:ratmanmage||||||6339|2821|6|2|45|60|4|4|1|1|0|0|0|0|0
*|ratman:ratman:ratman:ratmanarcher:ratmanarcher:ogre:ratmanmage||||||6339|2869|5|2|45|60|4|4|1|1|0|0|0|0|0
*|ratman:ratman:ratman:ratmanarcher:ratmanarcher:ogre:ratmanmage||||||6339|2881|5|2|45|60|4|4|1|1|0|0|0|0|0
*|ratman:ratman:ratman:ratmanarcher:ratmanarcher:ogre:ratmanmage||||||6342|2875|5|2|45|60|4|4|1|1|0|0|0|0|0
*|ratman:ratman:ratman:ratmanarcher:ratmanarcher:ogre:ratmanmage||||||6343|2884|5|2|45|60|4|4|1|1|0|0|0|0|0
*|ratman:ratman:ratman:ratmanarcher:ratmanarcher:ogre:ratmanmage||||||6346|2865|5|2|45|60|4|4|1|1|0|0|0|0|0
*|ratman:ratman:ratman:ratmanarcher:ratmanarcher:ogre:ratmanmage||||||6349|2875|5|2|45|60|4|4|1|1|0|0|0|0|0
*|ratman:ratman:ratman:ratmanarcher:ratmanarcher:ogre:ratmanmage||||||6353|2881|5|2|45|60|4|4|1|1|0|0|0|0|0
*|ratman:ratman:ratman:ratmanarcher:ratmanarcher:ogre:ratmanmage||||||6355|2847|5|2|45|60|4|4|1|1|0|0|0|0|0
*|ratman:ratman:ratman:ratmanarcher:ratmanarcher:ogre:ratmanmage||||||6355|2866|5|2|45|60|4|4|1|1|0|0|0|0|0
*|ratman:ratman:ratman:ratmanarcher:ratmanarcher:ogre:ratmanmage||||||6364|2840|5|2|45|60|4|4|1|1|0|0|0|0|0
*|ratman:ratman:ratman:ratmanarcher:ratmanarcher:ogre:ratmanmage||||||6364|2852|5|2|45|60|4|4|1|1|0|0|0|0|0
*|ratman:ratman:ratman:ratmanarcher:ratmanarcher:ogre:ratmanmage||||||6364|2867|5|2|45|60|4|4|1|1|0|0|0|0|0
*|ratman:ratman:ratman:ratmanarcher:ratmanarcher:ogre:ratmanmage||||||6364|2875|5|2|45|60|4|4|1|1|0|0|0|0|0
*|ratman:ratman:ratman:ratmanarcher:ratmanarcher:ogre:ratmanmage||||||6365|2883|5|2|45|60|4|4|1|1|0|0|0|0|0
*|sewageelemental||||||6347|2833|5|2|45|60|4|4|1|1|0|0|0|0|0
*|sewageelemental||||||6366|2818|5|2|45|60|4|4|1|1|0|0|0|0|0
#
#######################################
# the Crypts of Kuldar-----------------------------------------------------------------------
#######################################
*|EvilMage||||||6558|2826|95|2|45|60|4|4|1|1|0|0|0|0|0
*|ghostly:Shroud||||||6595|2889|45|2|45|60|4|4|1|1|0|0|0|0|0
*|lich||||||6468|2933|90|2|45|60|4|4|1|1|0|0|0|0|0
*|lichlord||||||6488|2888|50|2|45|60|4|4|1|1|0|0|0|0|0
*|rottingcorpse||||||6501|2873|50|2|45|60|4|4|1|1|0|0|0|0|0
*|skeleton:spectre:zombie:mummy:vampire:ghostwarrior:ghostwizard:wight:shade:boneknight:skeletalknight:wraith:skeletalmage:bonemagi||||||6539|2884|45|2|45|60|4|4|1|1|0|0|0|0|0
*|skeleton:spectre:zombie:mummy:vampire:ghostwarrior:ghostwizard:wight:shade:boneknight:skeletalknight:wraith:skeletalmage:bonemagi||||||6539|2909|67|2|45|60|4|4|1|1|0|0|0|0|0
*|skeleton:spectre:zombie:mummy:vampire:ghostwarrior:ghostwizard:wight:shade:boneknight:skeletalknight:wraith:skeletalmage:bonemagi||||||6549|2847|50|2|45|60|4|4|1|1|0|0|0|0|0
*|skeleton:spectre:zombie:mummy:vampire:ghostwarrior:ghostwizard:wight:shade:boneknight:skeletalknight:wraith:skeletalmage:bonemagi||||||6550|2886|45|2|45|60|4|4|1|1|0|0|0|0|0
*|skeleton:spectre:zombie:mummy:vampire:ghostwarrior:ghostwizard:wight:shade:boneknight:skeletalknight:wraith:skeletalmage:bonemagi||||||6551|2826|95|2|45|60|4|4|1|1|0|0|0|0|0
*|skeleton:spectre:zombie:mummy:vampire:ghostwarrior:ghostwizard:wight:shade:boneknight:skeletalknight:wraith:skeletalmage:bonemagi||||||6553|2850|50|2|45|60|4|4|1|1|0|0|0|0|0
*|skeleton:spectre:zombie:mummy:vampire:ghostwarrior:ghostwizard:wight:shade:boneknight:skeletalknight:wraith:skeletalmage:bonemagi||||||6554|2856|45|2|45|60|4|4|1|1|0|0|0|0|0
*|skeleton:spectre:zombie:mummy:vampire:ghostwarrior:ghostwizard:wight:shade:boneknight:skeletalknight:wraith:skeletalmage:bonemagi||||||6554|2867|45|2|45|60|4|4|1|1|0|0|0|0|0
*|skeleton:spectre:zombie:mummy:vampire:ghostwarrior:ghostwizard:wight:shade:boneknight:skeletalknight:wraith:skeletalmage:bonemagi||||||6554|2910|45|2|45|60|4|4|1|1|0|0|0|0|0
*|skeleton:spectre:zombie:mummy:vampire:ghostwarrior:ghostwizard:wight:shade:boneknight:skeletalknight:wraith:skeletalmage:bonemagi||||||6554|2938|45|2|45|60|4|4|1|1|0|0|0|0|0
*|skeleton:spectre:zombie:mummy:vampire:ghostwarrior:ghostwizard:wight:shade:boneknight:skeletalknight:wraith:skeletalmage:bonemagi||||||6555|2835|87|2|45|60|4|4|1|1|0|0|0|0|0
*|skeleton:spectre:zombie:mummy:vampire:ghostwarrior:ghostwizard:wight:shade:boneknight:skeletalknight:wraith:skeletalmage:bonemagi||||||6556|2881|45|2|45|60|4|4|1|1|0|0|0|0|0
*|skeleton:spectre:zombie:mummy:vampire:ghostwarrior:ghostwizard:wight:shade:boneknight:skeletalknight:wraith:skeletalmage:bonemagi||||||6558|2886|45|2|45|60|4|4|1|1|0|0|0|0|0
*|skeleton:spectre:zombie:mummy:vampire:ghostwarrior:ghostwizard:wight:shade:boneknight:skeletalknight:wraith:skeletalmage:bonemagi||||||6558|2909|67|2|45|60|4|4|1|1|0|0|0|0|0
*|skeleton:spectre:zombie:mummy:vampire:ghostwarrior:ghostwizard:wight:shade:boneknight:skeletalknight:wraith:skeletalmage:bonemagi||||||6559|2828|95|2|45|60|4|4|1|1|0|0|0|0|0
*|skeleton:spectre:zombie:mummy:vampire:ghostwarrior:ghostwizard:wight:shade:boneknight:skeletalknight:wraith:skeletalmage:bonemagi||||||6561|2847|50|2|45|60|4|4|1|1|0|0|0|0|0
*|skeleton:spectre:zombie:mummy:vampire:ghostwarrior:ghostwizard:wight:shade:boneknight:skeletalknight:wraith:skeletalmage:bonemagi||||||6564|2931|45|2|45|60|4|4|1|1|0|0|0|0|0
*|skeleton:spectre:zombie:mummy:vampire:ghostwarrior:ghostwizard:wight:shade:boneknight:skeletalknight:wraith:skeletalmage:bonemagi||||||6574|2884|45|2|45|60|4|4|1|1|0|0|0|0|0
*|skeleton:spectre:zombie:mummy:vampire:ghostwarrior:ghostwizard:wight:shade:boneknight:skeletalknight:wraith:skeletalmage:bonemagi||||||6574|2910|45|2|45|60|4|4|1|1|0|0|0|0|0
*|skeleton:spectre:zombie:mummy:vampire:ghostwarrior:ghostwizard:wight:shade:boneknight:skeletalknight:wraith:skeletalmage:bonemagi||||||6575|2911|67|2|45|60|4|4|1|1|0|0|0|0|0
*|skeleton:spectre:zombie:mummy:vampire:ghostwarrior:ghostwizard:wight:shade:boneknight:skeletalknight:wraith:skeletalmage:bonemagi||||||6575|2929|45|2|45|60|4|4|1|1|0|0|0|0|0
*|skeleton:spectre:zombie:mummy:vampire:ghostwarrior:ghostwizard:wight:shade:boneknight:skeletalknight:wraith:skeletalmage:bonemagi||||||6578|2860|45|2|45|60|4|4|1|1|0|0|0|0|0
*|skeleton:spectre:zombie:mummy:vampire:ghostwarrior:ghostwizard:wight:shade:boneknight:skeletalknight:wraith:skeletalmage:bonemagi||||||6579|2828|45|2|45|60|4|4|1|1|0|0|0|0|0
*|skeleton:spectre:zombie:mummy:vampire:ghostwarrior:ghostwizard:wight:shade:boneknight:skeletalknight:wraith:skeletalmage:bonemagi||||||6584|2860|45|2|45|60|4|4|1|1|0|0|0|0|0
*|skeleton:spectre:zombie:mummy:vampire:ghostwarrior:ghostwizard:wight:shade:boneknight:skeletalknight:wraith:skeletalmage:bonemagi||||||6586|2844|45|2|45|60|4|4|1|1|0|0|0|0|0
*|skeleton:spectre:zombie:mummy:vampire:ghostwarrior:ghostwizard:wight:shade:boneknight:skeletalknight:wraith:skeletalmage:bonemagi||||||6589|2893|45|2|45|60|4|4|1|1|0|0|0|0|0
*|skeleton:spectre:zombie:mummy:vampire:ghostwarrior:ghostwizard:wight:shade:boneknight:skeletalknight:wraith:skeletalmage:bonemagi||||||6591|2909|45|2|45|60|4|4|1|1|0|0|0|0|0
*|skeleton:spectre:zombie:mummy:vampire:ghostwarrior:ghostwizard:wight:shade:boneknight:skeletalknight:wraith:skeletalmage:bonemagi||||||6598|2899|45|2|45|60|4|4|1|1|0|0|0|0|0
*|skeleton:spectre:zombie:mummy:vampire:ghostwarrior:ghostwizard:wight:shade:boneknight:skeletalknight:wraith:skeletalmage:bonemagi||||||6601|2886|45|2|45|60|4|4|1|1|0|0|0|0|0
*|skeleton:spectre:zombie:mummy:vampire:ghostwarrior:ghostwizard:wight:shade:boneknight:skeletalknight:wraith:skeletalmage:bonemagi||||||6474|2931|90|2|45|60|4|4|1|1|0|0|0|0|0
*|skeleton:spectre:zombie:mummy:vampire:ghostwarrior:ghostwizard:wight:shade:boneknight:skeletalknight:wraith:skeletalmage:bonemagi||||||6479|2933|90|2|45|60|4|4|1|1|0|0|0|0|0
*|skeleton:spectre:zombie:mummy:vampire:ghostwarrior:ghostwizard:wight:shade:boneknight:skeletalknight:wraith:skeletalmage:bonemagi||||||6492|2889|45|2|45|60|4|4|1|1|0|0|0|0|0
*|skeleton:spectre:zombie:mummy:vampire:ghostwarrior:ghostwizard:wight:shade:boneknight:skeletalknight:wraith:skeletalmage:bonemagi||||||6497|2878|45|2|45|60|4|4|1|1|0|0|0|0|0
*|skeleton:spectre:zombie:mummy:vampire:ghostwarrior:ghostwizard:wight:shade:boneknight:skeletalknight:wraith:skeletalmage:bonemagi||||||6498|2930|50|2|45|60|4|4|1|1|0|0|0|0|0
*|skeleton:spectre:zombie:mummy:vampire:ghostwarrior:ghostwizard:wight:shade:boneknight:skeletalknight:wraith:skeletalmage:bonemagi||||||6499|2897|45|2|45|60|4|4|1|1|0|0|0|0|0
*|skeleton:spectre:zombie:mummy:vampire:ghostwarrior:ghostwizard:wight:shade:boneknight:skeletalknight:wraith:skeletalmage:bonemagi||||||6504|2905|50|2|45|60|4|4|1|1|0|0|0|0|0
*|skeleton:spectre:zombie:mummy:vampire:ghostwarrior:ghostwizard:wight:shade:boneknight:skeletalknight:wraith:skeletalmage:bonemagi||||||6506|2935|50|2|45|60|4|4|1|1|0|0|0|0|0
*|skeleton:spectre:zombie:mummy:vampire:ghostwarrior:ghostwizard:wight:shade:boneknight:skeletalknight:wraith:skeletalmage:bonemagi||||||6509|2879|45|2|45|60|4|4|1|1|0|0|0|0|0
*|skeleton:spectre:zombie:mummy:vampire:ghostwarrior:ghostwizard:wight:shade:boneknight:skeletalknight:wraith:skeletalmage:bonemagi||||||6512|2889|45|2|45|60|4|4|1|1|0|0|0|0|0
*|skeleton:spectre:zombie:mummy:vampire:ghostwarrior:ghostwizard:wight:shade:boneknight:skeletalknight:wraith:skeletalmage:bonemagi||||||6513|2868|67|2|45|60|4|4|1|1|0|0|0|0|0
*|skeleton:spectre:zombie:mummy:vampire:ghostwarrior:ghostwizard:wight:shade:boneknight:skeletalknight:wraith:skeletalmage:bonemagi||||||6517|2932|51|2|45|60|4|4|1|1|0|0|0|0|0
*|skeleton:spectre:zombie:mummy:vampire:ghostwarrior:ghostwizard:wight:shade:boneknight:skeletalknight:wraith:skeletalmage:bonemagi||||||6520|2884|50|2|45|60|4|4|1|1|0|0|0|0|0
*|skeleton:spectre:zombie:mummy:vampire:ghostwarrior:ghostwizard:wight:shade:boneknight:skeletalknight:wraith:skeletalmage:bonemagi||||||6526|2871|67|2|45|60|4|4|1|1|0|0|0|0|0
*|skeleton:spectre:zombie:mummy:vampire:ghostwarrior:ghostwizard:wight:shade:boneknight:skeletalknight:wraith:skeletalmage:bonemagi||||||6526|2882|45|2|45|60|4|4|1|1|0|0|0|0|0
*|skeleton:spectre:zombie:mummy:vampire:ghostwarrior:ghostwizard:wight:shade:boneknight:skeletalknight:wraith:skeletalmage:bonemagi||||||6526|2907|45|2|45|60|4|4|1|1|0|0|0|0|0
*|skeleton:spectre:zombie:mummy:vampire:ghostwarrior:ghostwizard:wight:shade:boneknight:skeletalknight:wraith:skeletalmage:bonemagi||||||6527|2862|67|2|45|60|4|4|1|1|0|0|0|0|0
*|skeleton:spectre:zombie:mummy:vampire:ghostwarrior:ghostwizard:wight:shade:boneknight:skeletalknight:wraith:skeletalmage:bonemagi||||||6530|2851|67|2|45|60|4|4|1|1|0|0|0|0|0
*|skeleton:spectre:zombie:mummy:vampire:ghostwarrior:ghostwizard:wight:shade:boneknight:skeletalknight:wraith:skeletalmage:bonemagi||||||6532|2920|45|2|45|60|4|4|1|1|0|0|0|0|0
*|skeleton:spectre:zombie:mummy:vampire:ghostwarrior:ghostwizard:wight:shade:boneknight:skeletalknight:wraith:skeletalmage:bonemagi||||||6538|2889|45|2|45|60|4|4|1|1|0|0|0|0|0
*|skeleton:spectre:zombie:mummy:vampire:ghostwarrior:ghostwizard:wight:shade:boneknight:skeletalknight:wraith:skeletalmage:bonemagi||||||6538|2889|67|2|45|60|4|4|1|1|0|0|0|0|0
*|skeleton:spectre:zombie:mummy:vampire:ghostwarrior:ghostwizard:wight:shade:boneknight:skeletalknight:wraith:skeletalmage:bonemagi||||||6538|2902|45|2|45|60|4|4|1|1|0|0|0|0|0
*|skeleton:spectre:zombie:mummy:vampire:ghostwarrior:ghostwizard:wight:shade:boneknight:skeletalknight:wraith:skeletalmage:bonemagi||||||6538|2933|45|2|45|60|4|4|1|1|0|0|0|0|0
*|skeleton:spectre:zombie:mummy:vampire:ghostwarrior:ghostwizard:wight:shade:boneknight:skeletalknight:wraith:skeletalmage:bonemagi||||||6539|2867|67|2|45|60|4|4|1|1|0|0|0|0|0
*|vampire||||||6515|2864|67|2|45|60|4|4|1|1|0|0|0|0|0
*|vampire||||||6538|2861|67|2|45|60|4|4|1|1|0|0|0|0|0
*|vampirelord||||||6524|2850|67|2|45|60|4|4|1|1|0|0|0|0|0

############################################################
# Vordo's Dungeon-----------------------------------------------------------------------
#############################################################
*|ancientlich:lichlord:Nazghoul||||||6290|511|0|2|45|60|2|2|1|1|0|0|0|0|0
*|demilich||||||6364|174|0|2|45|60|2|2|1|1|0|0|0|0|0
*|imp||||||6368|182|0|2|45|60|2|2|1|1|0|0|0|0|0
*|aquaticghoul||||||6307|172|0|2|45|60|2|2|1|1|0|0|0|0|0
*|aquaticghoul||||||6316|168|0|2|45|60|2|2|1|1|0|0|0|0|0
*|aquaticghoul||||||6316|172|0|2|45|60|2|2|1|1|0|0|0|0|0
*|Balron:Archfiend||||||6282|198|0|2|45|60|2|2|1|1|0|0|0|0|0
*|basilisk||||||6252|545|0|2|45|60|2|2|1|1|0|0|0|0|0
*|basilisk||||||6253|552|0|2|45|60|2|2|1|1|0|0|0|0|0
*|berserker:rogue:berserker:rogue:berserker:rogue:brigand:minstrel||||||6390|691|0|2|45|60|2|2|1|1|0|0|0|0|0
*|berserker:rogue:berserker:rogue:berserker:rogue:brigand:minstrel||||||6237|179|0|2|45|60|2|2|1|1|0|0|0|0|0
*|berserker:rogue:berserker:rogue:berserker:rogue:brigand:minstrel||||||6322|586|0|2|45|60|2|2|1|1|0|0|0|0|0
*|berserker:rogue:berserker:rogue:berserker:rogue:brigand:minstrel||||||6248|688|0|2|45|60|2|2|1|1|0|0|0|0|0
*|berserker:rogue:berserker:rogue:berserker:rogue:brigand:minstrel||||||6415|601|0|2|45|60|2|2|1|1|0|0|0|0|0
*|berserker:rogue:berserker:rogue:berserker:rogue:brigand:minstrel||||||6332|594|0|2|45|60|2|2|1|1|0|0|0|0|0
*|berserker:rogue:berserker:rogue:berserker:rogue:brigand:minstrel||||||6262|243|0|2|45|60|2|2|1|1|0|0|0|0|0
*|berserker:rogue:berserker:rogue:berserker:rogue:brigand:minstrel||||||6262|683|0|2|45|60|2|2|1|1|0|0|0|0|0
*|berserker:rogue:berserker:rogue:berserker:rogue:brigand:minstrel||||||6266|249|0|2|45|60|2|2|1|1|0|0|0|0|0
*|berserker:rogue:berserker:rogue:berserker:rogue:brigand:minstrel||||||6269|572|0|2|45|60|2|2|1|1|0|0|0|0|0
*|berserker:rogue:berserker:rogue:berserker:rogue:brigand:minstrel||||||6182|616|1|2|45|60|2|2|1|1|0|0|0|0|0
*|berserker:rogue:berserker:rogue:berserker:rogue:brigand:minstrel||||||6184|628|0|2|45|60|2|2|1|1|0|0|0|0|0
*|berserker:rogue:berserker:rogue:berserker:rogue:brigand:minstrel||||||6275|582|0|2|45|60|2|2|1|1|0|0|0|0|0
*|berserker:rogue:berserker:rogue:berserker:rogue:brigand:minstrel||||||6193|369|0|2|45|60|2|2|1|1|0|0|0|0|0
*|berserker:rogue:berserker:rogue:berserker:rogue:brigand:minstrel||||||6489|599|0|2|45|60|2|2|1|1|0|0|0|0|0
*|berserker:rogue:berserker:rogue:berserker:rogue:brigand:minstrel||||||6492|587|0|2|45|60|2|2|1|1|0|0|0|0|0
*|berserker:rogue:berserker:rogue:berserker:rogue:brigand:minstrel||||||6197|615|1|2|45|60|2|2|1|1|0|0|0|0|0
*|berserker:rogue:berserker:rogue:berserker:rogue:brigand:minstrel||||||6495|493|0|2|45|60|2|2|1|1|0|0|0|0|0
*|berserker:rogue:berserker:rogue:berserker:rogue:brigand:minstrel||||||6503|506|0|2|45|60|2|2|1|1|0|0|0|0|0
*|berserker:rogue:berserker:rogue:berserker:rogue:brigand:minstrel||||||6202|360|0|2|45|60|2|2|1|1|0|0|0|0|0
*|berserker:rogue:berserker:rogue:berserker:rogue:brigand:minstrel||||||6202|625|0|2|45|60|2|2|1|1|0|0|0|0|0
*|berserker:rogue:berserker:rogue:berserker:rogue:brigand:minstrel||||||6290|693|0|2|45|60|2|2|1|1|0|0|0|0|0
*|berserker:rogue:berserker:rogue:berserker:rogue:brigand:minstrel||||||6368|600|0|2|45|60|2|2|1|1|0|0|0|0|0
*|berserker:rogue:berserker:rogue:berserker:rogue:brigand:minstrel||||||6370|652|0|2|45|60|2|2|1|1|0|0|0|0|0
*|berserker:rogue:berserker:rogue:berserker:rogue:brigand:minstrel||||||6302|698|0|2|45|60|2|2|1|1|0|0|0|0|0
*|bloodassassin||||||6321|548|0|2|45|60|2|2|1|1|0|0|0|0|0
*|bloodassassin||||||6329|541|0|2|45|60|2|2|1|1|0|0|0|0|0
*|bloodassassin||||||6356|531|0|2|45|60|2|2|1|1|0|0|0|0|0
*|bloodelemental||||||6400|665|0|2|45|60|2|2|1|1|0|0|0|0|0
*|bloodelemental||||||6413|669|0|2|45|60|2|2|1|1|0|0|0|0|0
*|bloodelemental||||||6363|536|0|2|45|60|2|2|1|1|0|0|0|0|0
*|bonedemon||||||6411|378|0|2|45|60|2|2|1|1|0|0|0|0|0
*|bonegolem||||||6294|172|0|2|45|60|2|2|1|1|0|0|0|0|0
*|boneknight:skeletalknight:skeletalknight:skeleton||||||6308|415|0|2|45|60|2|2|1|1|0|0|0|0|0
*|boneknight:skeletalknight:skeletalknight:skeleton||||||6308|424|0|2|45|60|2|2|1|1|0|0|0|0|0
*|boneknight:skeletalknight:skeletalknight:skeleton||||||6400|725|0|2|45|60|2|2|1|1|0|0|0|0|0
*|boneknight:skeletalknight:skeletalknight:skeleton||||||6400|739|0|2|45|60|2|2|1|1|0|0|0|0|0
*|boneknight:skeletalknight:skeletalknight:skeleton||||||6412|723|0|2|45|60|2|2|1|1|0|0|0|0|0
*|boneknight:skeletalknight:skeletalknight:skeleton||||||6412|737|0|2|45|60|2|2|1|1|0|0|0|0|0
*|boneknight:skeletalknight:skeletalknight:skeleton||||||6330|369|0|2|45|60|2|2|1|1|0|0|0|0|0
*|boneknight:skeletalknight:skeletalknight:skeleton||||||6334|391|0|2|45|60|2|2|1|1|0|0|0|0|0
*|boneknight:skeletalknight:skeletalknight:skeleton||||||6335|378|0|2|45|60|2|2|1|1|0|0|0|0|0
*|boneknight:skeletalknight:skeletalknight:skeleton||||||6293|421|0|2|45|60|2|2|1|1|0|0|0|0|0
*|boneknight:skeletalknight:skeletalknight:skeleton||||||6295|438|0|2|45|60|2|2|1|1|0|0|0|0|0
*|boneknight:skeletalknight:skeletalknight:skeleton||||||6300|408|0|2|45|60|2|2|1|1|0|0|0|0|0
*|bonemagi:skeletalmage||||||6327|383|0|2|45|60|2|2|1|1|0|0|0|0|0
*|bonemagi:skeletalmage||||||6438|286|0|2|45|60|2|2|1|1|0|0|0|0|0
*|cinderelemental||||||6326|187|0|2|45|60|2|2|1|1|0|0|0|0|0
*|cinderelemental||||||6336|182|0|2|45|60|2|2|1|1|0|0|0|0|0
*|CrystalGoliath||||||6312|638|0|2|45|60|2|2|1|1|0|0|0|0|0
*|Daemon:Fiend||||||6239|193|0|2|45|60|2|2|1|1|0|0|0|0|0
*|darkreaper||||||6436|662|0|2|45|60|2|2|1|1|0|0|0|0|0
*|darkreaper||||||6453|672|0|2|45|60|2|2|1|1|0|0|0|0|0
*|demon:demonicghost||||||6458|618|0|2|45|60|2|2|1|1|0|0|0|0|0
*|demon:demonicghost||||||6283|151|0|2|45|60|2|2|1|1|0|0|0|0|0
*|demon:demonicghost||||||6199|246|0|2|45|60|2|2|1|1|0|0|0|0|0
*|dracolich||||||6405|731|0|2|45|60|2|2|1|1|0|0|0|0|0
*|dragongolem||||||6166|219|0|2|45|60|2|2|1|1|0|0|0|0|0
*|drake||||||6248|587|0|2|45|60|2|2|1|1|0|0|0|0|0
*|drake||||||6251|571|0|2|45|60|2|2|1|1|0|0|0|0|0
*|drake||||||6259|586|0|2|45|60|2|2|1|1|0|0|0|0|0
*|dreadspider:giantblackwidow:giantspider||||||6218|592|0|2|45|60|2|2|1|1|0|0|0|0|0
*|dreadspider:giantblackwidow:giantspider||||||6220|586|0|2|45|60|2|2|1|1|0|0|0|0|0
*|dreadspider:giantblackwidow:giantspider||||||6382|69|0|2|45|60|2|2|1|1|0|0|0|0|0
*|dreadspider:giantblackwidow:giantspider||||||6328|475|0|2|45|60|2|2|1|1|0|0|0|0|0
*|dreadspider:giantblackwidow:giantspider||||||6332|635|0|2|45|60|2|2|1|1|0|0|0|0|0
*|dreadspider:giantblackwidow:giantspider||||||6335|466|0|2|45|60|2|2|1|1|0|0|0|0|0
*|dreadspider:giantblackwidow:giantspider||||||6339|630|0|2|45|60|2|2|1|1|0|0|0|0|0
*|dreadspider:giantblackwidow:giantspider||||||6264|656|0|2|45|60|2|2|1|1|0|0|0|0|0
*|dreadspider:giantblackwidow:giantspider||||||6271|661|0|2|45|60|2|2|1|1|0|0|0|0|0
*|dreadspider:giantblackwidow:giantspider||||||6351|251|0|2|45|60|2|2|1|1|0|0|0|0|0
*|dreadspider:giantblackwidow:giantspider||||||6363|240|0|2|45|60|2|2|1|1|0|0|0|0|0
*|dreadspider:giantblackwidow:giantspider||||||6369|714|0|2|45|60|2|2|1|1|0|0|0|0|0
*|dreadspider:giantblackwidow:giantspider||||||6377|235|0|2|45|60|2|2|1|1|0|0|0|0|0
*|dreadspider:giantblackwidow:giantspider||||||6377|706|0|2|45|60|2|2|1|1|0|0|0|0|0
*|dullcopperelemental:agapiteelemental:bronzeelemental:copperelemental:goldenelemental:shadowironelemental:valoriteelemental:veriteelemental:stoneelemental:earthelemental||||||6217|732|0|2|45|60|2|2|1|1|0|0|0|0|0
*|dullcopperelemental:agapiteelemental:bronzeelemental:copperelemental:goldenelemental:shadowironelemental:valoriteelemental:veriteelemental:stoneelemental:earthelemental||||||6313|617|0|2|45|60|2|2|1|1|0|0|0|0|0
*|dullcopperelemental:agapiteelemental:bronzeelemental:copperelemental:goldenelemental:shadowironelemental:valoriteelemental:veriteelemental:stoneelemental:earthelemental||||||6243|727|0|2|45|60|2|2|1|1|0|0|0|0|0
*|dullcopperelemental:agapiteelemental:bronzeelemental:copperelemental:goldenelemental:shadowironelemental:valoriteelemental:veriteelemental:stoneelemental:earthelemental||||||6264|710|0|2|45|60|2|2|1|1|0|0|0|0|0
*|dullcopperelemental:agapiteelemental:bronzeelemental:copperelemental:goldenelemental:shadowironelemental:valoriteelemental:veriteelemental:stoneelemental:earthelemental||||||6264|732|0|2|45|60|2|2|1|1|0|0|0|0|0
*|dullcopperelemental:agapiteelemental:bronzeelemental:copperelemental:goldenelemental:shadowironelemental:valoriteelemental:veriteelemental:stoneelemental:earthelemental||||||6180|711|0|2|45|60|2|2|1|1|0|0|0|0|0
*|dullcopperelemental:agapiteelemental:bronzeelemental:copperelemental:goldenelemental:shadowironelemental:valoriteelemental:veriteelemental:stoneelemental:earthelemental||||||6193|731|0|2|45|60|2|2|1|1|0|0|0|0|0
*|dullcopperelemental:agapiteelemental:bronzeelemental:copperelemental:goldenelemental:shadowironelemental:valoriteelemental:veriteelemental:stoneelemental:earthelemental||||||6291|618|0|2|45|60|2|2|1|1|0|0|0|0|0
*|dullcopperelemental:agapiteelemental:bronzeelemental:copperelemental:goldenelemental:shadowironelemental:valoriteelemental:veriteelemental:stoneelemental:earthelemental||||||6292|637|0|2|45|60|2|2|1|1|0|0|0|0|0
*|dullcopperelemental:agapiteelemental:bronzeelemental:copperelemental:goldenelemental:shadowironelemental:valoriteelemental:veriteelemental:stoneelemental:earthelemental||||||6212|717|0|2|45|60|2|2|1|1|0|0|0|0|0
*|earthelemental:stoneelemental||||||6403|49|0|2|45|60|2|2|1|1|0|0|0|0|0
*|ettin:ogre:troll||||||6379|185|0|2|45|60|2|2|1|1|0|0|0|0|0
*|ettin:ogre:troll||||||6399|189|0|2|45|60|2|2|1|1|0|0|0|0|0
*|ettin:ogre:troll||||||6400|155|0|2|45|60|2|2|1|1|0|0|0|0|0
*|ettin:ogre:troll||||||6416|170|0|2|45|60|2|2|1|1|0|0|0|0|0
*|ettin:ogre:troll||||||6423|155|0|2|45|60|2|2|1|1|0|0|0|0|0
*|ettin:ogre:troll||||||6368|430|0|2|45|60|2|2|1|1|0|0|0|0|0
*|ettin:ogre:troll||||||6373|433|0|2|45|60|2|2|1|1|0|0|0|0|0
*|evilmage||||||6226|193|0|2|45|60|2|2|1|1|0|0|0|0|0
*|evilmage||||||6227|255|0|2|45|60|2|2|1|1|0|0|0|0|0
*|EvilMage||||||6393|266|23|2|45|60|2|2|1|1|0|0|0|0|0
*|EvilMage||||||6397|253|0|2|45|60|2|2|1|1|0|0|0|0|0
*|EvilMage||||||6317|130|0|2|45|60|2|2|1|1|0|0|0|0|0
*|evilmage||||||6320|598|0|2|45|60|2|2|1|1|0|0|0|0|0
*|EvilMage||||||6321|128|0|2|45|60|2|2|1|1|0|0|0|0|0
*|EvilMage||||||6322|276|0|2|45|60|2|2|1|1|0|0|0|0|0
*|evilmage||||||6330|177|0|2|45|60|2|2|1|1|0|0|0|0|0
*|EvilMage||||||6332|256|0|2|45|60|2|2|1|1|0|0|0|0|0
*|EvilMage||||||6422|472|0|2|45|60|2|2|1|1|0|0|0|0|0
*|evilmage||||||6422|484|0|2|45|60|2|2|1|1|0|0|0|0|0
*|evilmage||||||6256|247|0|2|45|60|2|2|1|1|0|0|0|0|0
*|EvilMage||||||6336|150|0|2|45|60|2|2|1|1|0|0|0|0|0
*|EvilMage||||||6339|547|0|2|45|60|2|2|1|1|0|0|0|0|0
*|evilmage||||||6261|276|0|2|45|60|2|2|1|1|0|0|0|0|0
*|EvilMage||||||6436|471|0|2|45|60|2|2|1|1|0|0|0|0|0
*|EvilMage||||||6437|485|0|2|45|60|2|2|1|1|0|0|0|0|0
*|EvilMage||||||6153|77|0|2|45|60|2|2|1|1|0|0|0|0|0
*|evilmage||||||6158|156|0|2|45|60|2|2|1|1|0|0|0|0|0
*|EvilMage||||||6183|289|0|2|45|60|2|2|1|1|0|0|0|0|0
*|EvilMage||||||6465|464|0|2|45|60|2|2|1|1|0|0|0|0|0
*|evilmage||||||6184|364|0|2|45|60|2|2|1|1|0|0|0|0|0
*|evilmage||||||6187|34|0|2|45|60|2|2|1|1|0|0|0|0|0
*|EvilMage||||||6190|513|0|2|45|60|2|2|1|1|0|0|0|0|0
*|evilmage||||||6492|506|0|2|45|60|2|2|1|1|0|0|0|0|0
*|EvilMage||||||6360|96|7|2|45|60|2|2|1|1|0|0|0|0|0
*|EvilMage||||||6284|159|0|2|45|60|2|2|1|1|0|0|0|0|0
*|evilmage||||||6500|591|0|2|45|60|2|2|1|1|0|0|0|0|0
*|EvilMage||||||6200|66|0|2|45|60|2|2|1|1|0|0|0|0|0
*|evilmage||||||6290|706|0|2|45|60|2|2|1|1|0|0|0|0|0
*|EvilMage||||||6206|284|0|2|45|60|2|2|1|1|0|0|0|0|0
*|EvilMage||||||6367|546|0|2|45|60|2|2|1|1|0|0|0|0|0
*|EvilMage||||||6294|124|24|2|45|60|2|2|1|1|0|0|0|0|0
*|EvilMage||||||6208|41|5|2|45|60|2|2|1|1|0|0|0|0|0
*|EvilMage||||||6208|666|0|2|45|60|2|2|1|1|0|0|0|0|0
*|EvilMage||||||6209|250|0|2|45|60|2|2|1|1|0|0|0|0|0
*|evilmagelord||||||6226|613|0|2|45|60|2|2|1|1|0|0|0|0|0
*|evilmagelord||||||6320|727|0|2|45|60|2|2|1|1|0|0|0|0|0
*|evilmagelord||||||6338|232|0|2|45|60|2|2|1|1|0|0|0|0|0
*|evilmagelord||||||6261|694|0|2|45|60|2|2|1|1|0|0|0|0|0
*|evilmagelord||||||6170|158|0|2|45|60|2|2|1|1|0|0|0|0|0
*|evilmagelord||||||6477|717|0|2|45|60|2|2|1|1|0|0|0|0|0
*|executioner:berserker||||||6383|24|0|2|45|60|2|2|1|1|0|0|0|0|0
*|executioner:berserker||||||6388|133|0|2|45|60|2|2|1|1|0|0|0|0|0
*|executioner:berserker||||||6409|594|0|2|45|60|2|2|1|1|0|0|0|0|0
*|executioner:berserker||||||6429|689|0|2|45|60|2|2|1|1|0|0|0|0|0
*|executioner:berserker||||||6262|173|0|2|45|60|2|2|1|1|0|0|0|0|0
*|executioner:berserker||||||6180|188|0|2|45|60|2|2|1|1|0|0|0|0|0
*|executioner:berserker||||||6271|272|0|2|45|60|2|2|1|1|0|0|0|0|0
*|executioner:berserker||||||6198|185|0|2|45|60|2|2|1|1|0|0|0|0|0
*|fireelemental||||||6320|258|0|2|45|60|2|2|1|1|0|0|0|0|0
*|fireelemental||||||6333|277|0|2|45|60|2|2|1|1|0|0|0|0|0
*|fireelemental||||||6353|98|0|2|45|60|2|2|1|1|0|0|0|0|0
*|fireelemental||||||6362|105|0|2|45|60|2|2|1|1|0|0|0|0|0
*|fireelemental||||||6370|97|0|2|45|60|2|2|1|1|0|0|0|0|0
*|firegiant||||||6438|90|0|2|45|60|2|2|1|1|0|0|0|0|0
*|gargoyle||||||6251|131|0|2|45|60|2|2|1|1|0|0|0|0|0
*|gargoyle||||||6261|113|0|2|45|60|2|2|1|1|0|0|0|0|0
*|gargoyle||||||6201|121|0|2|45|60|2|2|1|1|0|0|0|0|0
*|gargoyle:lizardman:blackpudding:xorn:stoneharpy:gazer:ghostwarrior:ghostwizard:boneknight:skeletalmage:vampire:lesserdemon:zombie:orc:hellhound||||||6379|737|0|2|45|60|2|2|1|1|0|0|0|0|0
*|gargoyle:lizardman:blackpudding:xorn:stoneharpy:gazer:ghostwarrior:ghostwizard:boneknight:skeletalmage:vampire:lesserdemon:zombie:orc:hellhound||||||6219|365|0|2|45|60|2|2|1|1|0|0|0|0|0
*|gargoyle:lizardman:blackpudding:xorn:stoneharpy:gazer:ghostwarrior:ghostwizard:boneknight:skeletalmage:vampire:lesserdemon:zombie:orc:hellhound||||||6306|237|0|2|45|60|2|2|1|1|0|0|0|0|0
*|gargoyle:lizardman:blackpudding:xorn:stoneharpy:gazer:ghostwarrior:ghostwizard:boneknight:skeletalmage:vampire:lesserdemon:zombie:orc:hellhound||||||6381|45|0|2|45|60|2|2|1|1|0|0|0|0|0
*|gargoyle:lizardman:blackpudding:xorn:stoneharpy:gazer:ghostwarrior:ghostwizard:boneknight:skeletalmage:vampire:lesserdemon:zombie:orc:hellhound||||||6307|666|0|2|45|60|2|2|1|1|0|0|0|0|0
*|gargoyle:lizardman:blackpudding:xorn:stoneharpy:gazer:ghostwarrior:ghostwizard:boneknight:skeletalmage:vampire:lesserdemon:zombie:orc:hellhound||||||6222|226|0|2|45|60|2|2|1|1|0|0|0|0|0
*|gargoyle:lizardman:blackpudding:xorn:stoneharpy:gazer:ghostwarrior:ghostwizard:boneknight:skeletalmage:vampire:lesserdemon:zombie:orc:hellhound||||||6384|642|0|2|45|60|2|2|1|1|0|0|0|0|0
*|gargoyle:lizardman:blackpudding:xorn:stoneharpy:gazer:ghostwarrior:ghostwizard:boneknight:skeletalmage:vampire:lesserdemon:zombie:orc:hellhound||||||6310|147|0|2|45|60|2|2|1|1|0|0|0|0|0
*|gargoyle:lizardman:blackpudding:xorn:stoneharpy:gazer:ghostwarrior:ghostwizard:boneknight:skeletalmage:vampire:lesserdemon:zombie:orc:hellhound||||||6312|398|0|2|45|60|2|2|1|1|0|0|0|0|0
*|gargoyle:lizardman:blackpudding:xorn:stoneharpy:gazer:ghostwarrior:ghostwizard:boneknight:skeletalmage:vampire:lesserdemon:zombie:orc:hellhound||||||6387|619|0|2|45|60|2|2|1|1|0|0|0|0|0
*|gargoyle:lizardman:blackpudding:xorn:stoneharpy:gazer:ghostwarrior:ghostwizard:boneknight:skeletalmage:vampire:lesserdemon:zombie:orc:hellhound||||||6390|526|0|2|45|60|2|2|1|1|0|0|0|0|0
*|gargoyle:lizardman:blackpudding:xorn:stoneharpy:gazer:ghostwarrior:ghostwizard:boneknight:skeletalmage:vampire:lesserdemon:zombie:orc:hellhound||||||6229|641|0|2|45|60|2|2|1|1|0|0|0|0|0
*|gargoyle:lizardman:blackpudding:xorn:stoneharpy:gazer:ghostwarrior:ghostwizard:boneknight:skeletalmage:vampire:lesserdemon:zombie:orc:hellhound||||||6231|571|0|2|45|60|2|2|1|1|0|0|0|0|0
*|gargoyle:lizardman:blackpudding:xorn:stoneharpy:gazer:ghostwarrior:ghostwizard:boneknight:skeletalmage:vampire:lesserdemon:zombie:orc:hellhound||||||6316|563|0|2|45|60|2|2|1|1|0|0|0|0|0
*|gargoyle:lizardman:blackpudding:xorn:stoneharpy:gazer:ghostwarrior:ghostwizard:boneknight:skeletalmage:vampire:lesserdemon:zombie:orc:hellhound||||||6232|600|0|2|45|60|2|2|1|1|0|0|0|0|0
*|gargoyle:lizardman:blackpudding:xorn:stoneharpy:gazer:ghostwarrior:ghostwizard:boneknight:skeletalmage:vampire:lesserdemon:zombie:orc:hellhound||||||6319|58|0|2|45|60|2|2|1|1|0|0|0|0|0
*|gargoyle:lizardman:blackpudding:xorn:stoneharpy:gazer:ghostwarrior:ghostwizard:boneknight:skeletalmage:vampire:lesserdemon:zombie:orc:hellhound||||||6234|379|0|2|45|60|2|2|1|1|0|0|0|0|0
*|gargoyle:lizardman:blackpudding:xorn:stoneharpy:gazer:ghostwarrior:ghostwizard:boneknight:skeletalmage:vampire:lesserdemon:zombie:orc:hellhound||||||6399|206|0|2|45|60|2|2|1|1|0|0|0|0|0
*|gargoyle:lizardman:blackpudding:xorn:stoneharpy:gazer:ghostwarrior:ghostwizard:boneknight:skeletalmage:vampire:lesserdemon:zombie:orc:hellhound||||||6399|623|0|2|45|60|2|2|1|1|0|0|0|0|0
*|gargoyle:lizardman:blackpudding:xorn:stoneharpy:gazer:ghostwarrior:ghostwizard:boneknight:skeletalmage:vampire:lesserdemon:zombie:orc:hellhound||||||6236|620|0|2|45|60|2|2|1|1|0|0|0|0|0
*|gargoyle:lizardman:blackpudding:xorn:stoneharpy:gazer:ghostwarrior:ghostwizard:boneknight:skeletalmage:vampire:lesserdemon:zombie:orc:hellhound||||||6404|101|0|2|45|60|2|2|1|1|0|0|0|0|0
*|gargoyle:lizardman:blackpudding:xorn:stoneharpy:gazer:ghostwarrior:ghostwizard:boneknight:skeletalmage:vampire:lesserdemon:zombie:orc:hellhound||||||6240|461|0|2|45|60|2|2|1|1|0|0|0|0|0
*|gargoyle:lizardman:blackpudding:xorn:stoneharpy:gazer:ghostwarrior:ghostwizard:boneknight:skeletalmage:vampire:lesserdemon:zombie:orc:hellhound||||||6404|146|0|2|45|60|2|2|1|1|0|0|0|0|0
*|gargoyle:lizardman:blackpudding:xorn:stoneharpy:gazer:ghostwarrior:ghostwizard:boneknight:skeletalmage:vampire:lesserdemon:zombie:orc:hellhound||||||6242|356|0|2|45|60|2|2|1|1|0|0|0|0|0
*|gargoyle:lizardman:blackpudding:xorn:stoneharpy:gazer:ghostwarrior:ghostwizard:boneknight:skeletalmage:vampire:lesserdemon:zombie:orc:hellhound||||||6408|701|0|2|45|60|2|2|1|1|0|0|0|0|0
*|gargoyle:lizardman:blackpudding:xorn:stoneharpy:gazer:ghostwarrior:ghostwizard:boneknight:skeletalmage:vampire:lesserdemon:zombie:orc:hellhound||||||6326|201|0|2|45|60|2|2|1|1|0|0|0|0|0
*|gargoyle:lizardman:blackpudding:xorn:stoneharpy:gazer:ghostwarrior:ghostwizard:boneknight:skeletalmage:vampire:lesserdemon:zombie:orc:hellhound||||||6326|489|0|2|45|60|2|2|1|1|0|0|0|0|0
*|gargoyle:lizardman:blackpudding:xorn:stoneharpy:gazer:ghostwarrior:ghostwizard:boneknight:skeletalmage:vampire:lesserdemon:zombie:orc:hellhound||||||6411|647|0|2|45|60|2|2|1|1|0|0|0|0|0
*|gargoyle:lizardman:blackpudding:xorn:stoneharpy:gazer:ghostwarrior:ghostwizard:boneknight:skeletalmage:vampire:lesserdemon:zombie:orc:hellhound||||||6248|22|0|2|45|60|2|2|1|1|0|0|0|0|0
*|gargoyle:lizardman:blackpudding:xorn:stoneharpy:gazer:ghostwarrior:ghostwizard:boneknight:skeletalmage:vampire:lesserdemon:zombie:orc:hellhound||||||6250|529|0|2|45|60|2|2|1|1|0|0|0|0|0
*|gargoyle:lizardman:blackpudding:xorn:stoneharpy:gazer:ghostwarrior:ghostwizard:boneknight:skeletalmage:vampire:lesserdemon:zombie:orc:hellhound||||||6331|612|0|2|45|60|2|2|1|1|0|0|0|0|0
*|gargoyle:lizardman:blackpudding:xorn:stoneharpy:gazer:ghostwarrior:ghostwizard:boneknight:skeletalmage:vampire:lesserdemon:zombie:orc:hellhound||||||6252|351|0|2|45|60|2|2|1|1|0|0|0|0|0
*|gargoyle:lizardman:blackpudding:xorn:stoneharpy:gazer:ghostwarrior:ghostwizard:boneknight:skeletalmage:vampire:lesserdemon:zombie:orc:hellhound||||||6252|602|0|2|45|60|2|2|1|1|0|0|0|0|0
*|gargoyle:lizardman:blackpudding:xorn:stoneharpy:gazer:ghostwarrior:ghostwizard:boneknight:skeletalmage:vampire:lesserdemon:zombie:orc:hellhound||||||6423|227|0|2|45|60|2|2|1|1|0|0|0|0|0
*|gargoyle:lizardman:blackpudding:xorn:stoneharpy:gazer:ghostwarrior:ghostwizard:boneknight:skeletalmage:vampire:lesserdemon:zombie:orc:hellhound||||||6334|722|0|2|45|60|2|2|1|1|0|0|0|0|0
*|gargoyle:lizardman:blackpudding:xorn:stoneharpy:gazer:ghostwarrior:ghostwizard:boneknight:skeletalmage:vampire:lesserdemon:zombie:orc:hellhound||||||6256|473|0|2|45|60|2|2|1|1|0|0|0|0|0
*|gargoyle:lizardman:blackpudding:xorn:stoneharpy:gazer:ghostwarrior:ghostwizard:boneknight:skeletalmage:vampire:lesserdemon:zombie:orc:hellhound||||||6428|29|0|2|45|60|2|2|1|1|0|0|0|0|0
*|gargoyle:lizardman:blackpudding:xorn:stoneharpy:gazer:ghostwarrior:ghostwizard:boneknight:skeletalmage:vampire:lesserdemon:zombie:orc:hellhound||||||6336|50|0|2|45|60|2|2|1|1|0|0|0|0|0
*|gargoyle:lizardman:blackpudding:xorn:stoneharpy:gazer:ghostwarrior:ghostwizard:boneknight:skeletalmage:vampire:lesserdemon:zombie:orc:hellhound||||||6428|616|0|2|45|60|2|2|1|1|0|0|0|0|0
*|gargoyle:lizardman:blackpudding:xorn:stoneharpy:gazer:ghostwarrior:ghostwizard:boneknight:skeletalmage:vampire:lesserdemon:zombie:orc:hellhound||||||6429|458|0|2|45|60|2|2|1|1|0|0|0|0|0
*|gargoyle:lizardman:blackpudding:xorn:stoneharpy:gazer:ghostwarrior:ghostwizard:boneknight:skeletalmage:vampire:lesserdemon:zombie:orc:hellhound||||||6337|665|0|2|45|60|2|2|1|1|0|0|0|0|0
*|gargoyle:lizardman:blackpudding:xorn:stoneharpy:gazer:ghostwarrior:ghostwizard:boneknight:skeletalmage:vampire:lesserdemon:zombie:orc:hellhound||||||6435|266|0|2|45|60|2|2|1|1|0|0|0|0|0
*|gargoyle:lizardman:blackpudding:xorn:stoneharpy:gazer:ghostwarrior:ghostwizard:boneknight:skeletalmage:vampire:lesserdemon:zombie:orc:hellhound||||||6436|241|0|2|45|60|2|2|1|1|0|0|0|0|0
*|gargoyle:lizardman:blackpudding:xorn:stoneharpy:gazer:ghostwarrior:ghostwizard:boneknight:skeletalmage:vampire:lesserdemon:zombie:orc:hellhound||||||6261|421|0|2|45|60|2|2|1|1|0|0|0|0|0
*|gargoyle:lizardman:blackpudding:xorn:stoneharpy:gazer:ghostwarrior:ghostwizard:boneknight:skeletalmage:vampire:lesserdemon:zombie:orc:hellhound||||||6261|508|0|2|45|60|2|2|1|1|0|0|0|0|0
*|gargoyle:lizardman:blackpudding:xorn:stoneharpy:gazer:ghostwarrior:ghostwizard:boneknight:skeletalmage:vampire:lesserdemon:zombie:orc:hellhound||||||6440|731|0|2|45|60|2|2|1|1|0|0|0|0|0
*|gargoyle:lizardman:blackpudding:xorn:stoneharpy:gazer:ghostwarrior:ghostwizard:boneknight:skeletalmage:vampire:lesserdemon:zombie:orc:hellhound||||||6442|693|0|2|45|60|2|2|1|1|0|0|0|0|0
*|gargoyle:lizardman:blackpudding:xorn:stoneharpy:gazer:ghostwarrior:ghostwizard:boneknight:skeletalmage:vampire:lesserdemon:zombie:orc:hellhound||||||6341|88|0|2|45|60|2|2|1|1|0|0|0|0|0
*|gargoyle:lizardman:blackpudding:xorn:stoneharpy:gazer:ghostwarrior:ghostwizard:boneknight:skeletalmage:vampire:lesserdemon:zombie:orc:hellhound||||||6448|587|0|2|45|60|2|2|1|1|0|0|0|0|0
*|gargoyle:lizardman:blackpudding:xorn:stoneharpy:gazer:ghostwarrior:ghostwizard:boneknight:skeletalmage:vampire:lesserdemon:zombie:orc:hellhound||||||6153|54|0|2|45|60|2|2|1|1|0|0|0|0|0
*|gargoyle:lizardman:blackpudding:xorn:stoneharpy:gazer:ghostwarrior:ghostwizard:boneknight:skeletalmage:vampire:lesserdemon:zombie:orc:hellhound||||||6161|112|0|2|45|60|2|2|1|1|0|0|0|0|0
*|gargoyle:lizardman:blackpudding:xorn:stoneharpy:gazer:ghostwarrior:ghostwizard:boneknight:skeletalmage:vampire:lesserdemon:zombie:orc:hellhound||||||6268|392|0|2|45|60|2|2|1|1|0|0|0|0|0
*|gargoyle:lizardman:blackpudding:xorn:stoneharpy:gazer:ghostwarrior:ghostwizard:boneknight:skeletalmage:vampire:lesserdemon:zombie:orc:hellhound||||||6268|462|0|2|45|60|2|2|1|1|0|0|0|0|0
*|gargoyle:lizardman:blackpudding:xorn:stoneharpy:gazer:ghostwarrior:ghostwizard:boneknight:skeletalmage:vampire:lesserdemon:zombie:orc:hellhound||||||6347|731|0|2|45|60|2|2|1|1|0|0|0|0|0
*|gargoyle:lizardman:blackpudding:xorn:stoneharpy:gazer:ghostwarrior:ghostwizard:boneknight:skeletalmage:vampire:lesserdemon:zombie:orc:hellhound||||||6181|236|0|2|45|60|2|2|1|1|0|0|0|0|0
*|gargoyle:lizardman:blackpudding:xorn:stoneharpy:gazer:ghostwarrior:ghostwizard:boneknight:skeletalmage:vampire:lesserdemon:zombie:orc:hellhound||||||6459|373|0|2|45|60|2|2|1|1|0|0|0|0|0
*|gargoyle:lizardman:blackpudding:xorn:stoneharpy:gazer:ghostwarrior:ghostwizard:boneknight:skeletalmage:vampire:lesserdemon:zombie:orc:hellhound||||||6351|685|0|2|45|60|2|2|1|1|0|0|0|0|0
*|gargoyle:lizardman:blackpudding:xorn:stoneharpy:gazer:ghostwarrior:ghostwizard:boneknight:skeletalmage:vampire:lesserdemon:zombie:orc:hellhound||||||6273|22|0|2|45|60|2|2|1|1|0|0|0|0|0
*|gargoyle:lizardman:blackpudding:xorn:stoneharpy:gazer:ghostwarrior:ghostwizard:boneknight:skeletalmage:vampire:lesserdemon:zombie:orc:hellhound||||||6185|546|0|2|45|60|2|2|1|1|0|0|0|0|0
*|gargoyle:lizardman:blackpudding:xorn:stoneharpy:gazer:ghostwarrior:ghostwizard:boneknight:skeletalmage:vampire:lesserdemon:zombie:orc:hellhound||||||6186|564|0|2|45|60|2|2|1|1|0|0|0|0|0
*|gargoyle:lizardman:blackpudding:xorn:stoneharpy:gazer:ghostwarrior:ghostwizard:boneknight:skeletalmage:vampire:lesserdemon:zombie:orc:hellhound||||||6188|395|0|2|45|60|2|2|1|1|0|0|0|0|0
*|gargoyle:lizardman:blackpudding:xorn:stoneharpy:gazer:ghostwarrior:ghostwizard:boneknight:skeletalmage:vampire:lesserdemon:zombie:orc:hellhound||||||6485|623|0|2|45|60|2|2|1|1|0|0|0|0|0
*|gargoyle:lizardman:blackpudding:xorn:stoneharpy:gazer:ghostwarrior:ghostwizard:boneknight:skeletalmage:vampire:lesserdemon:zombie:orc:hellhound||||||6280|289|0|2|45|60|2|2|1|1|0|0|0|0|0
*|gargoyle:lizardman:blackpudding:xorn:stoneharpy:gazer:ghostwarrior:ghostwizard:boneknight:skeletalmage:vampire:lesserdemon:zombie:orc:hellhound||||||6359|631|0|2|45|60|2|2|1|1|0|0|0|0|0
*|gargoyle:lizardman:blackpudding:xorn:stoneharpy:gazer:ghostwarrior:ghostwizard:boneknight:skeletalmage:vampire:lesserdemon:zombie:orc:hellhound||||||6195|480|0|2|45|60|2|2|1|1|0|0|0|0|0
*|gargoyle:lizardman:blackpudding:xorn:stoneharpy:gazer:ghostwarrior:ghostwizard:boneknight:skeletalmage:vampire:lesserdemon:zombie:orc:hellhound||||||6493|567|0|2|45|60|2|2|1|1|0|0|0|0|0
*|gargoyle:lizardman:blackpudding:xorn:stoneharpy:gazer:ghostwarrior:ghostwizard:boneknight:skeletalmage:vampire:lesserdemon:zombie:orc:hellhound||||||6198|91|0|2|45|60|2|2|1|1|0|0|0|0|0
*|gargoyle:lizardman:blackpudding:xorn:stoneharpy:gazer:ghostwarrior:ghostwizard:boneknight:skeletalmage:vampire:lesserdemon:zombie:orc:hellhound||||||6362|503|0|2|45|60|2|2|1|1|0|0|0|0|0
*|gargoyle:lizardman:blackpudding:xorn:stoneharpy:gazer:ghostwarrior:ghostwizard:boneknight:skeletalmage:vampire:lesserdemon:zombie:orc:hellhound||||||6285|722|0|2|45|60|2|2|1|1|0|0|0|0|0
*|gargoyle:lizardman:blackpudding:xorn:stoneharpy:gazer:ghostwarrior:ghostwizard:boneknight:skeletalmage:vampire:lesserdemon:zombie:orc:hellhound||||||6202|569|0|2|45|60|2|2|1|1|0|0|0|0|0
*|gargoyle:lizardman:blackpudding:xorn:stoneharpy:gazer:ghostwarrior:ghostwizard:boneknight:skeletalmage:vampire:lesserdemon:zombie:orc:hellhound||||||6204|24|0|2|45|60|2|2|1|1|0|0|0|0|0
*|gargoyle:lizardman:blackpudding:xorn:stoneharpy:gazer:ghostwarrior:ghostwizard:boneknight:skeletalmage:vampire:lesserdemon:zombie:orc:hellhound||||||6293|668|0|2|45|60|2|2|1|1|0|0|0|0|0
*|gargoyle:lizardman:blackpudding:xorn:stoneharpy:gazer:ghostwarrior:ghostwizard:boneknight:skeletalmage:vampire:lesserdemon:zombie:orc:hellhound||||||6207|556|0|2|45|60|2|2|1|1|0|0|0|0|0
*|gargoyle:lizardman:blackpudding:xorn:stoneharpy:gazer:ghostwarrior:ghostwizard:boneknight:skeletalmage:vampire:lesserdemon:zombie:orc:hellhound||||||6296|377|0|2|45|60|2|2|1|1|0|0|0|0|0
*|gargoyle:lizardman:blackpudding:xorn:stoneharpy:gazer:ghostwarrior:ghostwizard:boneknight:skeletalmage:vampire:lesserdemon:zombie:orc:hellhound||||||6299|22|0|2|45|60|2|2|1|1|0|0|0|0|0
*|gargoyle:lizardman:blackpudding:xorn:stoneharpy:gazer:ghostwarrior:ghostwizard:boneknight:skeletalmage:vampire:lesserdemon:zombie:orc:hellhound||||||6376|286|0|2|45|60|2|2|1|1|0|0|0|0|0
*|gargoyle:lizardman:blackpudding:xorn:stoneharpy:gazer:ghostwarrior:ghostwizard:boneknight:skeletalmage:vampire:lesserdemon:zombie:orc:hellhound||||||6213|412|0|2|45|60|2|2|1|1|0|0|0|0|0
*|gargoyle:lizardman:blackpudding:xorn:stoneharpy:gazer:ghostwarrior:ghostwizard:boneknight:skeletalmage:vampire:lesserdemon:zombie:orc:hellhound||||||6216|476|0|2|45|60|2|2|1|1|0|0|0|0|0
*|gargoyle:lizardman:blackpudding:xorn:stoneharpy:gazer:ghostwarrior:ghostwizard:boneknight:skeletalmage:vampire:lesserdemon:zombie:orc:hellhound||||||6377|627|0|2|45|60|2|2|1|1|0|0|0|0|0
*|gargoyleamethyst||||||6297|44|0|2|45|60|2|2|1|1|0|0|0|0|0
*|ghostly:Shroud||||||6446|447|0|2|45|60|2|2|1|1|0|0|0|0|0
*|ghostly:Shroud||||||6359|209|0|2|45|60|2|2|1|1|0|0|0|0|0
*|ghostly:Shroud||||||6206|447|0|2|45|60|2|2|1|1|0|0|0|0|0
*|ghostwarrior||||||6332|155|0|2|45|60|2|2|1|1|0|0|0|0|0
*|ghostwarrior||||||6441|563|0|2|45|60|2|2|1|1|0|0|0|0|0
*|ghostwarrior||||||6454|550|0|2|45|60|2|2|1|1|0|0|0|0|0
*|ghostwarrior||||||6369|219|0|2|45|60|2|2|1|1|0|0|0|0|0
*|ghostwizard||||||6438|546|0|2|45|60|2|2|1|1|0|0|0|0|0
*|ghostwizard||||||6453|560|0|2|45|60|2|2|1|1|0|0|0|0|0
*|ghostwizard||||||6484|650|0|2|45|60|2|2|1|1|0|0|0|0|0
*|ghostwizard||||||6359|219|0|2|45|60|2|2|1|1|0|0|0|0|0
*|ghostwizard||||||6496|668|0|2|45|60|2|2|1|1|0|0|0|0|0
*|ghostwizard||||||6372|270|0|2|45|60|2|2|1|1|0|0|0|0|0
*|giantspider||||||6390|710|0|2|45|60|2|2|1|1|0|0|0|0|0
*|giantspider||||||6412|264|0|2|45|60|2|2|1|1|0|0|0|0|0
*|giantspider||||||6328|467|0|2|45|60|2|2|1|1|0|0|0|0|0
*|giantspider||||||6416|267|0|2|45|60|2|2|1|1|0|0|0|0|0
*|giantspider||||||6419|259|0|2|45|60|2|2|1|1|0|0|0|0|0
*|giantspider||||||6335|474|0|2|45|60|2|2|1|1|0|0|0|0|0
*|giantspider||||||6278|600|0|2|45|60|2|2|1|1|0|0|0|0|0
*|giantspider||||||6360|247|0|2|45|60|2|2|1|1|0|0|0|0|0
*|giantspider||||||6202|592|0|2|45|60|2|2|1|1|0|0|0|0|0
*|giantspider||||||6290|600|0|2|45|60|2|2|1|1|0|0|0|0|0
*|giantspider||||||6368|695|0|2|45|60|2|2|1|1|0|0|0|0|0
*|giantspider||||||6370|563|0|2|45|60|2|2|1|1|0|0|0|0|0
*|giantspider||||||6375|242|0|2|45|60|2|2|1|1|0|0|0|0|0
*|giantspider||||||6375|575|0|2|45|60|2|2|1|1|0|0|0|0|0
*|golemcontroller||||||6163|227|0|2|45|60|2|2|1|1|0|0|0|0|0
*|golemcontroller||||||6454|177|0|2|45|60|2|2|1|1|0|0|0|0|0
*|harpy||||||6416|97|0|2|45|60|2|2|1|1|0|0|0|0|0
*|icecolossus||||||6194|283|0|2|45|60|2|2|1|1|0|0|0|0|0
*|iceelemental:snowelemental:iceserpent:frostooze:FrozenCorpse:iceghoul||||||6187|270|0|2|45|60|2|2|1|1|0|0|0|0|0
*|iceelemental:snowelemental:iceserpent:frostooze:FrozenCorpse:iceghoul||||||6207|275|0|2|45|60|2|2|1|1|0|0|0|0|0
*|imp||||||6339|224|0|2|45|60|2|2|1|1|0|0|0|0|0
*|imp||||||6152|71|0|2|45|60|2|2|1|1|0|0|0|0|0
*|imp||||||6160|161|0|2|45|60|2|2|1|1|0|0|0|0|0
*|imp||||||6465|733|0|2|45|60|2|2|1|1|0|0|0|0|0
*|ironcobra||||||6227|261|0|2|45|60|2|2|1|1|0|0|0|0|0
*|ironcobra||||||6236|259|0|2|45|60|2|2|1|1|0|0|0|0|0
*|lesserdemon||||||6273|204|0|2|45|60|2|2|1|1|0|0|0|0|0
*|lesserdemon||||||6275|191|0|2|45|60|2|2|1|1|0|0|0|0|0
*|lesserdemon||||||6289|201|0|2|45|60|2|2|1|1|0|0|0|0|0
*|lich||||||6423|529|0|2|45|60|2|2|1|1|0|0|0|0|0
*|lich||||||6430|282|0|2|45|60|2|2|1|1|0|0|0|0|0
*|LichLord:Nazghoul:lich||||||6338|436|0|2|45|60|2|2|1|1|0|0|0|0|0
*|LichLord:Nazghoul:lich||||||6272|65|0|2|45|60|2|2|1|1|0|0|0|0|0
*|LichLord:Nazghoul:lich||||||6483|362|0|2|45|60|2|2|1|1|0|0|0|0|0
*|livingbronzestatue||||||6219|47|0|2|45|60|2|2|1|1|0|0|0|0|0
*|livingbronzestatue||||||6172|69|0|2|45|60|2|2|1|1|0|0|0|0|0
*|livingbronzestatue||||||6182|24|0|2|45|60|2|2|1|1|0|0|0|0|0
*|livingmarblestatue||||||6185|115|0|2|45|60|2|2|1|1|0|0|0|0|0
*|livingmarblestatue||||||6199|139|0|2|45|60|2|2|1|1|0|0|0|0|0
*|livingmarblestatue||||||6217|115|0|2|45|60|2|2|1|1|0|0|0|0|0
*|livingstonestatue||||||6261|120|0|2|45|60|2|2|1|1|0|0|0|0|0
*|lizardman:lizardmanarcher||||||6481|496|0|2|45|60|2|2|1|1|0|0|0|0|0
*|lizardman:lizardmanarcher||||||6288|576|0|2|45|60|2|2|1|1|0|0|0|0|0
*|lizardman:lizardmanarcher||||||6289|570|0|2|45|60|2|2|1|1|0|0|0|0|0
*|lostknight||||||6489|659|0|2|45|60|2|2|1|1|0|0|0|0|0
*|magicpool||||||6206|676|0|2|55|60|0|0|1|1|0|0|0|0|0
*|magmaelemental||||||6393|443|0|2|45|60|2|2|1|1|0|0|0|0|0
*|magmaelemental||||||6470|466|0|2|45|60|2|2|1|1|0|0|0|0|0
*|magmaelemental||||||6189|502|0|2|45|60|2|2|1|1|0|0|0|0|0
*|magmaelemental||||||6202|513|0|2|45|60|2|2|1|1|0|0|0|0|0
*|Dragons||||||6188|722|0|2|45|60|2|2|1|1|0|0|0|0|0
*|monstrousspider||||||6418|249|0|2|45|60|2|2|1|1|0|0|0|0|0
*|monstrousspider||||||6288|596|0|2|45|60|2|2|1|1|0|0|0|0|0
*|monstrousspider||||||6366|573|0|2|45|60|2|2|1|1|0|0|0|0|0
*|mummy||||||6226|666|0|2|45|60|2|2|1|1|0|0|0|0|0
*|mummy||||||6428|646|0|2|45|60|2|2|1|1|0|0|0|0|0
*|mummy||||||6451|631|0|2|45|60|2|2|1|1|0|0|0|0|0
*|mummy||||||6200|660|0|2|45|60|2|2|1|1|0|0|0|0|0
*|mummy||||||6366|129|0|2|45|60|2|2|1|1|0|0|0|0|0
*|mummylord||||||6314|192|0|2|45|60|2|2|1|1|0|0|0|0|0
*|mummylord||||||6249|421|0|2|45|60|2|2|1|1|0|0|0|0|0
*|mummylord||||||6440|641|0|2|45|60|2|2|1|1|0|0|0|0|0
*|mummylord||||||6183|444|0|2|45|60|2|2|1|1|0|0|0|0|0
*|mummylord||||||6352|136|0|2|45|60|2|2|1|1|0|0|0|0|0
*|nightmare:HellSteed||||||6316|363|0|2|45|60|2|2|1|1|0|0|0|0|0
*|ogremagi||||||6385|172|0|2|45|60|2|2|1|1|0|0|0|0|0
*|ogremagi||||||6424|179|0|2|45|60|2|2|1|1|0|0|0|0|0
*|orc:orc:orc:orccaptain:orcishlord:orcishmage||||||6309|594|0|2|45|60|2|2|1|1|0|0|0|0|0
*|orc:orc:orc:orccaptain:orcishlord:orcishmage||||||6414|122|0|2|45|60|2|2|1|1|0|0|0|0|0
*|orc:orc:orc:orccaptain:orcishlord:orcishmage||||||6415|125|0|2|45|60|2|2|1|1|0|0|0|0|0
*|orc:orc:orc:orccaptain:orcishlord:orcishmage||||||6415|130|0|2|45|60|2|2|1|1|0|0|0|0|0
*|orc:orc:orc:orccaptain:orcishlord:orcishmage||||||6415|131|0|2|45|60|2|2|1|1|0|0|0|0|0
*|orc:orc:orc:orccaptain:orcishlord:orcishmage||||||6256|673|0|2|45|60|2|2|1|1|0|0|0|0|0
*|orc:orc:orc:orccaptain:orcishlord:orcishmage||||||6478|595|0|2|45|60|2|2|1|1|0|0|0|0|0
*|orc:orc:orc:orccaptain:orcishlord:orcishmage||||||6188|349|0|2|45|60|2|2|1|1|0|0|0|0|0
*|orc:orc:orc:orccaptain:orcishlord:orcishmage||||||6195|349|0|2|45|60|2|2|1|1|0|0|0|0|0
*|orc:orc:orc:orccaptain:orcishlord:orcishmage||||||6362|655|0|2|45|60|2|2|1|1|0|0|0|0|0
*|orc:orc:orc:orccaptain:orcishlord:orcishmage||||||6504|608|0|2|45|60|2|2|1|1|0|0|0|0|0
*|orc:orc:orc:orccaptain:orcishlord:orcishmage||||||6506|607|0|2|45|60|2|2|1|1|0|0|0|0|0
*|orc:orc:orc:orccaptain:orcishlord:orcishmage||||||6364|650|0|2|45|60|2|2|1|1|0|0|0|0|0
*|poisonelemental||||||6223|436|0|2|45|60|2|2|1|1|0|0|0|0|0
*|Daemon||||||6344|30|0|2|45|60|2|2|1|1|0|0|0|0|0
*|ratman:ratman:ratmanarcher:ratmanmage||||||6380|602|0|2|45|60|2|2|1|1|0|0|0|0|0
*|ratman:ratman:ratmanarcher:ratmanmage||||||6381|598|0|2|45|60|2|2|1|1|0|0|0|0|0
*|ratman:ratman:ratmanarcher:ratmanmage||||||6204|349|0|2|45|60|2|2|1|1|0|0|0|0|0
*|ratman:ratman:ratmanarcher:ratmanmage||||||6367|611|0|2|45|60|2|2|1|1|0|0|0|0|0
*|ratman:ratman:ratmanarcher:ratmanmage||||||6372|612|0|2|45|60|2|2|1|1|0|0|0|0|0
*|rottingsquid||||||6271|372|0|2|45|60|2|2|1|1|0|0|0|0|0
*|rustgolem:metalgolem||||||6459|170|0|2|45|60|2|2|1|1|0|0|0|0|0
*|rustgolem:metalgolem||||||6460|179|0|2|45|60|2|2|1|1|0|0|0|0|0
*|seaserpent||||||6270|614|0|2|45|60|2|2|1|1|0|0|0|0|0
*|shadowironelemental||||||6378|665|0|2|45|60|2|2|1|1|0|0|0|0|0
*|shadowironelemental||||||6363|679|0|2|45|60|2|2|1|1|0|0|0|0|0
*|shadowironelemental||||||6378|679|0|2|45|60|2|2|1|1|0|0|0|0|0
*|shadowironelemental||||||6363|664|0|2|45|60|2|2|1|1|0|0|0|0|0
*|silverserpent:silverserpent:giantserpent:goldenserpent||||||6287|128|0|2|45|60|2|2|1|1|0|0|0|0|0
*|silverserpent:silverserpent:giantserpent:goldenserpent||||||6288|113|0|2|45|60|2|2|1|1|0|0|0|0|0
*|silverserpent:silverserpent:giantserpent:goldenserpent||||||6302|114|0|2|45|60|2|2|1|1|0|0|0|0|0
*|silverserpent:silverserpent:giantserpent:goldenserpent||||||6302|128|0|2|45|60|2|2|1|1|0|0|0|0|0
*|skeletalknight:boneknight:skeletalknight||||||6395|378|0|2|45|60|2|2|1|1|0|0|0|0|0
*|skeletalknight:boneknight:skeletalknight||||||6398|378|0|2|45|60|2|2|1|1|0|0|0|0|0
*|skeletalknight:boneknight:skeletalknight||||||6412|378|0|2|45|60|2|2|1|1|0|0|0|0|0
*|skeletalknight:boneknight:skeletalknight||||||6330|424|0|2|45|60|2|2|1|1|0|0|0|0|0
*|skeletalknight:boneknight:skeletalknight||||||6342|566|0|2|45|60|2|2|1|1|0|0|0|0|0
*|skeletalmage:bonemagi||||||6429|291|0|2|45|60|2|2|1|1|0|0|0|0|0
*|skeletalmage:bonemagi||||||6342|426|0|2|45|60|2|2|1|1|0|0|0|0|0
*|skeletalmage:bonemagi||||||6344|562|0|2|45|60|2|2|1|1|0|0|0|0|0
*|skeletalwizard:skeletalmage:bonemagi||||||6434|288|0|2|45|60|2|2|1|1|0|0|0|0|0
*|skeletalwizard:skeletalmage:bonemagi||||||6293|462|0|2|45|60|2|2|1|1|0|0|0|0|0
*|skeleton:spectre:wraith:zombie:ghoul:skeletalmage:skeletalknight:shade:ghostwarrior:ghostwizard:wight:phantom:spirit||||||6307|466|0|2|45|60|2|2|1|1|0|0|0|0|0
*|skeleton:spectre:wraith:zombie:ghoul:skeletalmage:skeletalknight:shade:ghostwarrior:ghostwizard:wight:phantom:spirit||||||6249|428|0|2|45|60|2|2|1|1|0|0|0|0|0
*|skeleton:spectre:wraith:zombie:ghoul:skeletalmage:skeletalknight:shade:ghostwarrior:ghostwizard:wight:phantom:spirit||||||6414|509|0|2|45|60|2|2|1|1|0|0|0|0|0
*|skeleton:spectre:wraith:zombie:ghoul:skeletalmage:skeletalknight:shade:ghostwarrior:ghostwizard:wight:phantom:spirit||||||6424|511|0|2|45|60|2|2|1|1|0|0|0|0|0
*|skeleton:spectre:wraith:zombie:ghoul:skeletalmage:skeletalknight:shade:ghostwarrior:ghostwizard:wight:phantom:spirit||||||6427|518|0|2|45|60|2|2|1|1|0|0|0|0|0
*|skeleton:spectre:wraith:zombie:ghoul:skeletalmage:skeletalknight:shade:ghostwarrior:ghostwizard:wight:phantom:spirit||||||6431|634|0|2|45|60|2|2|1|1|0|0|0|0|0
*|skeleton:spectre:wraith:zombie:ghoul:skeletalmage:skeletalknight:shade:ghostwarrior:ghostwizard:wight:phantom:spirit||||||6261|42|22|2|45|60|2|2|1|1|0|0|0|0|0
*|skeleton:spectre:wraith:zombie:ghoul:skeletalmage:skeletalknight:shade:ghostwarrior:ghostwizard:wight:phantom:spirit||||||6261|59|22|2|45|60|2|2|1|1|0|0|0|0|0
*|skeleton:spectre:wraith:zombie:ghoul:skeletalmage:skeletalknight:shade:ghostwarrior:ghostwizard:wight:phantom:spirit||||||6261|88|22|2|45|60|2|2|1|1|0|0|0|0|0
*|skeleton:spectre:wraith:zombie:ghoul:skeletalmage:skeletalknight:shade:ghostwarrior:ghostwizard:wight:phantom:spirit||||||6438|649|0|2|45|60|2|2|1|1|0|0|0|0|0
*|skeleton:spectre:wraith:zombie:ghoul:skeletalmage:skeletalknight:shade:ghostwarrior:ghostwizard:wight:phantom:spirit||||||6443|558|0|2|45|60|2|2|1|1|0|0|0|0|0
*|skeleton:spectre:wraith:zombie:ghoul:skeletalmage:skeletalknight:shade:ghostwarrior:ghostwizard:wight:phantom:spirit||||||6266|81|0|2|45|60|2|2|1|1|0|0|0|0|0
*|skeleton:spectre:wraith:zombie:ghoul:skeletalmage:skeletalknight:shade:ghostwarrior:ghostwizard:wight:phantom:spirit||||||6450|636|0|2|45|60|2|2|1|1|0|0|0|0|0
*|skeleton:spectre:wraith:zombie:ghoul:skeletalmage:skeletalknight:shade:ghostwarrior:ghostwizard:wight:phantom:spirit||||||6451|434|0|2|45|60|2|2|1|1|0|0|0|0|0
*|skeleton:spectre:wraith:zombie:ghoul:skeletalmage:skeletalknight:shade:ghostwarrior:ghostwizard:wight:phantom:spirit||||||6267|57|0|2|45|60|2|2|1|1|0|0|0|0|0
*|skeleton:spectre:wraith:zombie:ghoul:skeletalmage:skeletalknight:shade:ghostwarrior:ghostwizard:wight:phantom:spirit||||||6451|447|0|2|45|60|2|2|1|1|0|0|0|0|0
*|skeleton:spectre:wraith:zombie:ghoul:skeletalmage:skeletalknight:shade:ghostwarrior:ghostwizard:wight:phantom:spirit||||||6454|423|0|2|45|60|2|2|1|1|0|0|0|0|0
*|skeleton:spectre:wraith:zombie:ghoul:skeletalmage:skeletalknight:shade:ghostwarrior:ghostwizard:wight:phantom:spirit||||||6455|522|0|2|45|60|2|2|1|1|0|0|0|0|0
*|skeleton:spectre:wraith:zombie:ghoul:skeletalmage:skeletalknight:shade:ghostwarrior:ghostwizard:wight:phantom:spirit||||||6181|438|0|2|45|60|2|2|1|1|0|0|0|0|0
*|skeleton:spectre:wraith:zombie:ghoul:skeletalmage:skeletalknight:shade:ghostwarrior:ghostwizard:wight:phantom:spirit||||||6460|442|0|2|45|60|2|2|1|1|0|0|0|0|0
*|skeleton:spectre:wraith:zombie:ghoul:skeletalmage:skeletalknight:shade:ghostwarrior:ghostwizard:wight:phantom:spirit||||||6465|427|0|2|45|60|2|2|1|1|0|0|0|0|0
*|skeleton:spectre:wraith:zombie:ghoul:skeletalmage:skeletalknight:shade:ghostwarrior:ghostwizard:wight:phantom:spirit||||||6469|509|0|2|45|60|2|2|1|1|0|0|0|0|0
*|skeleton:spectre:wraith:zombie:ghoul:skeletalmage:skeletalknight:shade:ghostwarrior:ghostwizard:wight:phantom:spirit||||||6474|364|0|2|45|60|2|2|1|1|0|0|0|0|0
*|skeleton:spectre:wraith:zombie:ghoul:skeletalmage:skeletalknight:shade:ghostwarrior:ghostwizard:wight:phantom:spirit||||||6474|420|0|2|45|60|2|2|1|1|0|0|0|0|0
*|skeleton:spectre:wraith:zombie:ghoul:skeletalmage:skeletalknight:shade:ghostwarrior:ghostwizard:wight:phantom:spirit||||||6274|76|0|2|45|60|2|2|1|1|0|0|0|0|0
*|skeleton:spectre:wraith:zombie:ghoul:skeletalmage:skeletalknight:shade:ghostwarrior:ghostwizard:wight:phantom:spirit||||||6478|374|0|2|45|60|2|2|1|1|0|0|0|0|0
*|skeleton:spectre:wraith:zombie:ghoul:skeletalmage:skeletalknight:shade:ghostwarrior:ghostwizard:wight:phantom:spirit||||||6276|94|22|2|45|60|2|2|1|1|0|0|0|0|0
*|skeleton:spectre:wraith:zombie:ghoul:skeletalmage:skeletalknight:shade:ghostwarrior:ghostwizard:wight:phantom:spirit||||||6278|49|0|2|45|60|2|2|1|1|0|0|0|0|0
*|skeleton:spectre:wraith:zombie:ghoul:skeletalmage:skeletalknight:shade:ghostwarrior:ghostwizard:wight:phantom:spirit||||||6280|83|0|2|45|60|2|2|1|1|0|0|0|0|0
*|skeleton:spectre:wraith:zombie:ghoul:skeletalmage:skeletalknight:shade:ghostwarrior:ghostwizard:wight:phantom:spirit||||||6194|452|0|2|45|60|2|2|1|1|0|0|0|0|0
*|skeleton:spectre:wraith:zombie:ghoul:skeletalmage:skeletalknight:shade:ghostwarrior:ghostwizard:wight:phantom:spirit||||||6281|461|0|2|45|60|2|2|1|1|0|0|0|0|0
*|skeleton:spectre:wraith:zombie:ghoul:skeletalmage:skeletalknight:shade:ghostwarrior:ghostwizard:wight:phantom:spirit||||||6284|475|0|2|45|60|2|2|1|1|0|0|0|0|0
*|skeleton:spectre:wraith:zombie:ghoul:skeletalmage:skeletalknight:shade:ghostwarrior:ghostwizard:wight:phantom:spirit||||||6201|428|1|2|45|60|2|2|1|1|0|0|0|0|0
*|skeleton:spectre:wraith:zombie:ghoul:skeletalmage:skeletalknight:shade:ghostwarrior:ghostwizard:wight:phantom:spirit||||||6202|426|1|2|45|60|2|2|1|1|0|0|0|0|0
*|skeleton:spectre:wraith:zombie:ghoul:skeletalmage:skeletalknight:shade:ghostwarrior:ghostwizard:wight:phantom:spirit||||||6293|504|0|2|45|60|2|2|1|1|0|0|0|0|0
*|skeleton:spectre:wraith:zombie:ghoul:skeletalmage:skeletalknight:shade:ghostwarrior:ghostwizard:wight:phantom:spirit||||||6207|439|0|2|45|60|2|2|1|1|0|0|0|0|0
*|skeleton:spectre:wraith:zombie:ghoul:skeletalmage:skeletalknight:shade:ghostwarrior:ghostwizard:wight:phantom:spirit||||||6295|88|0|2|45|60|2|2|1|1|0|0|0|0|0
*|skeleton:spectre:wraith:zombie:ghoul:skeletalmage:skeletalknight:shade:ghostwarrior:ghostwizard:wight:phantom:spirit||||||6295|473|0|2|45|60|2|2|1|1|0|0|0|0|0
*|skeleton:spectre:wraith:zombie:ghoul:skeletalmage:skeletalknight:shade:ghostwarrior:ghostwizard:wight:phantom:spirit||||||6296|77|7|2|45|60|2|2|1|1|0|0|0|0|0
*|HellSteed||||||6340|364|0|2|45|60|2|2|1|1|0|0|0|0|0
*|HellSteed||||||6342|358|0|2|45|60|2|2|1|1|0|0|0|0|0
*|HellSteed||||||6283|428|0|2|45|60|2|2|1|1|0|0|0|0|0
*|slimedevil||||||6305|451|0|2|45|60|2|2|1|1|0|0|0|0|0
*|Dragons||||||6313|530|0|2|45|60|2|2|1|1|0|0|0|0|0
*|Dragons||||||6274|537|0|2|45|60|2|2|1|1|0|0|0|0|0
*|stoneelemental||||||6320|529|0|2|45|60|2|2|1|1|0|0|0|0|0
*|stoneelemental||||||6265|545|0|2|45|60|2|2|1|1|0|0|0|0|0
*|stoneelemental||||||6266|523|0|2|45|60|2|2|1|1|0|0|0|0|0
*|stoneelemental||||||6282|530|0|2|45|60|2|2|1|1|0|0|0|0|0
*|stoneelemental||||||6300|531|0|2|45|60|2|2|1|1|0|0|0|0|0
*|stonegargoyle:lizardmanarcher:slime:GorgonRiding:harpy:naga:spectre:shade:MechanicalScorpion:ghoul:SoulWorm:mummy:ShadowDemon:orcishmage:ShadowHound||||||6378|727|0|2|45|60|2|2|1|1|0|0|0|0|0
*|stonegargoyle:lizardmanarcher:slime:GorgonRiding:harpy:naga:spectre:shade:MechanicalScorpion:ghoul:SoulWorm:mummy:ShadowDemon:orcishmage:ShadowHound||||||6306|100|0|2|45|60|2|2|1|1|0|0|0|0|0
*|stonegargoyle:lizardmanarcher:slime:GorgonRiding:harpy:naga:spectre:shade:MechanicalScorpion:ghoul:SoulWorm:mummy:ShadowDemon:orcishmage:ShadowHound||||||6380|479|0|2|45|60|2|2|1|1|0|0|0|0|0
*|stonegargoyle:lizardmanarcher:slime:GorgonRiding:harpy:naga:spectre:shade:MechanicalScorpion:ghoul:SoulWorm:mummy:ShadowDemon:orcishmage:ShadowHound||||||6219|464|0|2|45|60|2|2|1|1|0|0|0|0|0
*|stonegargoyle:lizardmanarcher:slime:GorgonRiding:harpy:naga:spectre:shade:MechanicalScorpion:ghoul:SoulWorm:mummy:ShadowDemon:orcishmage:ShadowHound||||||6306|655|0|2|45|60|2|2|1|1|0|0|0|0|0
*|stonegargoyle:lizardmanarcher:slime:GorgonRiding:harpy:naga:spectre:shade:MechanicalScorpion:ghoul:SoulWorm:mummy:ShadowDemon:orcishmage:ShadowHound||||||6383|635|0|2|45|60|2|2|1|1|0|0|0|0|0
*|stonegargoyle:lizardmanarcher:slime:GorgonRiding:harpy:naga:spectre:shade:MechanicalScorpion:ghoul:SoulWorm:mummy:ShadowDemon:orcishmage:ShadowHound||||||6309|289|0|2|45|60|2|2|1|1|0|0|0|0|0
*|stonegargoyle:lizardmanarcher:slime:GorgonRiding:harpy:naga:spectre:shade:MechanicalScorpion:ghoul:SoulWorm:mummy:ShadowDemon:orcishmage:ShadowHound||||||6222|544|0|2|45|60|2|2|1|1|0|0|0|0|0
*|stonegargoyle:lizardmanarcher:slime:GorgonRiding:harpy:naga:spectre:shade:MechanicalScorpion:ghoul:SoulWorm:mummy:ShadowDemon:orcishmage:ShadowHound||||||6386|91|0|2|45|60|2|2|1|1|0|0|0|0|0
*|stonegargoyle:lizardmanarcher:slime:GorgonRiding:harpy:naga:spectre:shade:MechanicalScorpion:ghoul:SoulWorm:mummy:ShadowDemon:orcishmage:ShadowHound||||||6310|722|0|2|45|60|2|2|1|1|0|0|0|0|0
*|stonegargoyle:lizardmanarcher:slime:GorgonRiding:harpy:naga:spectre:shade:MechanicalScorpion:ghoul:SoulWorm:mummy:ShadowDemon:orcishmage:ShadowHound||||||6312|737|0|2|45|60|2|2|1|1|0|0|0|0|0
*|stonegargoyle:lizardmanarcher:slime:GorgonRiding:harpy:naga:spectre:shade:MechanicalScorpion:ghoul:SoulWorm:mummy:ShadowDemon:orcishmage:ShadowHound||||||6388|502|0|2|45|60|2|2|1|1|0|0|0|0|0
*|stonegargoyle:lizardmanarcher:slime:GorgonRiding:harpy:naga:spectre:shade:MechanicalScorpion:ghoul:SoulWorm:mummy:ShadowDemon:orcishmage:ShadowHound||||||6392|485|0|2|45|60|2|2|1|1|0|0|0|0|0
*|stonegargoyle:lizardmanarcher:slime:GorgonRiding:harpy:naga:spectre:shade:MechanicalScorpion:ghoul:SoulWorm:mummy:ShadowDemon:orcishmage:ShadowHound||||||6316|83|0|2|45|60|2|2|1|1|0|0|0|0|0
*|stonegargoyle:lizardmanarcher:slime:GorgonRiding:harpy:naga:spectre:shade:MechanicalScorpion:ghoul:SoulWorm:mummy:ShadowDemon:orcishmage:ShadowHound||||||6231|237|0|2|45|60|2|2|1|1|0|0|0|0|0
*|stonegargoyle:lizardmanarcher:slime:GorgonRiding:harpy:naga:spectre:shade:MechanicalScorpion:ghoul:SoulWorm:mummy:ShadowDemon:orcishmage:ShadowHound||||||6232|508|0|2|45|60|2|2|1|1|0|0|0|0|0
*|stonegargoyle:lizardmanarcher:slime:GorgonRiding:harpy:naga:spectre:shade:MechanicalScorpion:ghoul:SoulWorm:mummy:ShadowDemon:orcishmage:ShadowHound||||||6233|529|0|2|45|60|2|2|1|1|0|0|0|0|0
*|stonegargoyle:lizardmanarcher:slime:GorgonRiding:harpy:naga:spectre:shade:MechanicalScorpion:ghoul:SoulWorm:mummy:ShadowDemon:orcishmage:ShadowHound||||||6399|227|0|2|45|60|2|2|1|1|0|0|0|0|0
*|stonegargoyle:lizardmanarcher:slime:GorgonRiding:harpy:naga:spectre:shade:MechanicalScorpion:ghoul:SoulWorm:mummy:ShadowDemon:orcishmage:ShadowHound||||||6400|27|0|2|45|60|2|2|1|1|0|0|0|0|0
*|stonegargoyle:lizardmanarcher:slime:GorgonRiding:harpy:naga:spectre:shade:MechanicalScorpion:ghoul:SoulWorm:mummy:ShadowDemon:orcishmage:ShadowHound||||||6236|365|0|2|45|60|2|2|1|1|0|0|0|0|0
*|stonegargoyle:lizardmanarcher:slime:GorgonRiding:harpy:naga:spectre:shade:MechanicalScorpion:ghoul:SoulWorm:mummy:ShadowDemon:orcishmage:ShadowHound||||||6240|433|0|2|45|60|2|2|1|1|0|0|0|0|0
*|stonegargoyle:lizardmanarcher:slime:GorgonRiding:harpy:naga:spectre:shade:MechanicalScorpion:ghoul:SoulWorm:mummy:ShadowDemon:orcishmage:ShadowHound||||||6404|123|0|2|45|60|2|2|1|1|0|0|0|0|0
*|stonegargoyle:lizardmanarcher:slime:GorgonRiding:harpy:naga:spectre:shade:MechanicalScorpion:ghoul:SoulWorm:mummy:ShadowDemon:orcishmage:ShadowHound||||||6241|398|0|2|45|60|2|2|1|1|0|0|0|0|0
*|stonegargoyle:lizardmanarcher:slime:GorgonRiding:harpy:naga:spectre:shade:MechanicalScorpion:ghoul:SoulWorm:mummy:ShadowDemon:orcishmage:ShadowHound||||||6243|160|0|2|45|60|2|2|1|1|0|0|0|0|0
*|stonegargoyle:lizardmanarcher:slime:GorgonRiding:harpy:naga:spectre:shade:MechanicalScorpion:ghoul:SoulWorm:mummy:ShadowDemon:orcishmage:ShadowHound||||||6324|512|0|2|45|60|2|2|1|1|0|0|0|0|0
*|stonegargoyle:lizardmanarcher:slime:GorgonRiding:harpy:naga:spectre:shade:MechanicalScorpion:ghoul:SoulWorm:mummy:ShadowDemon:orcishmage:ShadowHound||||||6406|66|0|2|45|60|2|2|1|1|0|0|0|0|0
*|stonegargoyle:lizardmanarcher:slime:GorgonRiding:harpy:naga:spectre:shade:MechanicalScorpion:ghoul:SoulWorm:mummy:ShadowDemon:orcishmage:ShadowHound||||||6326|231|0|2|45|60|2|2|1|1|0|0|0|0|0
*|stonegargoyle:lizardmanarcher:slime:GorgonRiding:harpy:naga:spectre:shade:MechanicalScorpion:ghoul:SoulWorm:mummy:ShadowDemon:orcishmage:ShadowHound||||||6410|624|0|2|45|60|2|2|1|1|0|0|0|0|0
*|stonegargoyle:lizardmanarcher:slime:GorgonRiding:harpy:naga:spectre:shade:MechanicalScorpion:ghoul:SoulWorm:mummy:ShadowDemon:orcishmage:ShadowHound||||||6328|22|0|2|45|60|2|2|1|1|0|0|0|0|0
*|stonegargoyle:lizardmanarcher:slime:GorgonRiding:harpy:naga:spectre:shade:MechanicalScorpion:ghoul:SoulWorm:mummy:ShadowDemon:orcishmage:ShadowHound||||||6250|442|0|2|45|60|2|2|1|1|0|0|0|0|0
*|stonegargoyle:lizardmanarcher:slime:GorgonRiding:harpy:naga:spectre:shade:MechanicalScorpion:ghoul:SoulWorm:mummy:ShadowDemon:orcishmage:ShadowHound||||||6251|289|0|2|45|60|2|2|1|1|0|0|0|0|0
*|stonegargoyle:lizardmanarcher:slime:GorgonRiding:harpy:naga:spectre:shade:MechanicalScorpion:ghoul:SoulWorm:mummy:ShadowDemon:orcishmage:ShadowHound||||||6252|366|0|2|45|60|2|2|1|1|0|0|0|0|0
*|stonegargoyle:lizardmanarcher:slime:GorgonRiding:harpy:naga:spectre:shade:MechanicalScorpion:ghoul:SoulWorm:mummy:ShadowDemon:orcishmage:ShadowHound||||||6422|307|0|2|45|60|2|2|1|1|0|0|0|0|0
*|stonegargoyle:lizardmanarcher:slime:GorgonRiding:harpy:naga:spectre:shade:MechanicalScorpion:ghoul:SoulWorm:mummy:ShadowDemon:orcishmage:ShadowHound||||||6333|737|0|2|45|60|2|2|1|1|0|0|0|0|0
*|stonegargoyle:lizardmanarcher:slime:GorgonRiding:harpy:naga:spectre:shade:MechanicalScorpion:ghoul:SoulWorm:mummy:ShadowDemon:orcishmage:ShadowHound||||||6423|558|0|2|45|60|2|2|1|1|0|0|0|0|0
*|stonegargoyle:lizardmanarcher:slime:GorgonRiding:harpy:naga:spectre:shade:MechanicalScorpion:ghoul:SoulWorm:mummy:ShadowDemon:orcishmage:ShadowHound||||||6256|392|0|2|45|60|2|2|1|1|0|0|0|0|0
*|stonegargoyle:lizardmanarcher:slime:GorgonRiding:harpy:naga:spectre:shade:MechanicalScorpion:ghoul:SoulWorm:mummy:ShadowDemon:orcishmage:ShadowHound||||||6256|498|0|2|45|60|2|2|1|1|0|0|0|0|0
*|stonegargoyle:lizardmanarcher:slime:GorgonRiding:harpy:naga:spectre:shade:MechanicalScorpion:ghoul:SoulWorm:mummy:ShadowDemon:orcishmage:ShadowHound||||||6335|501|0|2|45|60|2|2|1|1|0|0|0|0|0
*|stonegargoyle:lizardmanarcher:slime:GorgonRiding:harpy:naga:spectre:shade:MechanicalScorpion:ghoul:SoulWorm:mummy:ShadowDemon:orcishmage:ShadowHound||||||6428|39|0|2|45|60|2|2|1|1|0|0|0|0|0
*|stonegargoyle:lizardmanarcher:slime:GorgonRiding:harpy:naga:spectre:shade:MechanicalScorpion:ghoul:SoulWorm:mummy:ShadowDemon:orcishmage:ShadowHound||||||6336|68|0|2|45|60|2|2|1|1|0|0|0|0|0
*|stonegargoyle:lizardmanarcher:slime:GorgonRiding:harpy:naga:spectre:shade:MechanicalScorpion:ghoul:SoulWorm:mummy:ShadowDemon:orcishmage:ShadowHound||||||6429|433|0|2|45|60|2|2|1|1|0|0|0|0|0
*|stonegargoyle:lizardmanarcher:slime:GorgonRiding:harpy:naga:spectre:shade:MechanicalScorpion:ghoul:SoulWorm:mummy:ShadowDemon:orcishmage:ShadowHound||||||6430|710|0|2|45|60|2|2|1|1|0|0|0|0|0
*|stonegargoyle:lizardmanarcher:slime:GorgonRiding:harpy:naga:spectre:shade:MechanicalScorpion:ghoul:SoulWorm:mummy:ShadowDemon:orcishmage:ShadowHound||||||6435|47|0|2|45|60|2|2|1|1|0|0|0|0|0
*|stonegargoyle:lizardmanarcher:slime:GorgonRiding:harpy:naga:spectre:shade:MechanicalScorpion:ghoul:SoulWorm:mummy:ShadowDemon:orcishmage:ShadowHound||||||6261|453|0|2|45|60|2|2|1|1|0|0|0|0|0
*|stonegargoyle:lizardmanarcher:slime:GorgonRiding:harpy:naga:spectre:shade:MechanicalScorpion:ghoul:SoulWorm:mummy:ShadowDemon:orcishmage:ShadowHound||||||6437|61|0|2|45|60|2|2|1|1|0|0|0|0|0
*|stonegargoyle:lizardmanarcher:slime:GorgonRiding:harpy:naga:spectre:shade:MechanicalScorpion:ghoul:SoulWorm:mummy:ShadowDemon:orcishmage:ShadowHound||||||6340|487|0|2|45|60|2|2|1|1|0|0|0|0|0
*|stonegargoyle:lizardmanarcher:slime:GorgonRiding:harpy:naga:spectre:shade:MechanicalScorpion:ghoul:SoulWorm:mummy:ShadowDemon:orcishmage:ShadowHound||||||6441|76|0|2|45|60|2|2|1|1|0|0|0|0|0
*|stonegargoyle:lizardmanarcher:slime:GorgonRiding:harpy:naga:spectre:shade:MechanicalScorpion:ghoul:SoulWorm:mummy:ShadowDemon:orcishmage:ShadowHound||||||6445|52|0|2|45|60|2|2|1|1|0|0|0|0|0
*|stonegargoyle:lizardmanarcher:slime:GorgonRiding:harpy:naga:spectre:shade:MechanicalScorpion:ghoul:SoulWorm:mummy:ShadowDemon:orcishmage:ShadowHound||||||6156|130|0|2|45|60|2|2|1|1|0|0|0|0|0
*|stonegargoyle:lizardmanarcher:slime:GorgonRiding:harpy:naga:spectre:shade:MechanicalScorpion:ghoul:SoulWorm:mummy:ShadowDemon:orcishmage:ShadowHound||||||6268|159|0|2|45|60|2|2|1|1|0|0|0|0|0
*|stonegargoyle:lizardmanarcher:slime:GorgonRiding:harpy:naga:spectre:shade:MechanicalScorpion:ghoul:SoulWorm:mummy:ShadowDemon:orcishmage:ShadowHound||||||6268|421|0|2|45|60|2|2|1|1|0|0|0|0|0
*|stonegargoyle:lizardmanarcher:slime:GorgonRiding:harpy:naga:spectre:shade:MechanicalScorpion:ghoul:SoulWorm:mummy:ShadowDemon:orcishmage:ShadowHound||||||6347|651|0|2|45|60|2|2|1|1|0|0|0|0|0
*|stonegargoyle:lizardmanarcher:slime:GorgonRiding:harpy:naga:spectre:shade:MechanicalScorpion:ghoul:SoulWorm:mummy:ShadowDemon:orcishmage:ShadowHound||||||6268|495|0|2|45|60|2|2|1|1|0|0|0|0|0
*|stonegargoyle:lizardmanarcher:slime:GorgonRiding:harpy:naga:spectre:shade:MechanicalScorpion:ghoul:SoulWorm:mummy:ShadowDemon:orcishmage:ShadowHound||||||6458|404|0|2|45|60|2|2|1|1|0|0|0|0|0
*|stonegargoyle:lizardmanarcher:slime:GorgonRiding:harpy:naga:spectre:shade:MechanicalScorpion:ghoul:SoulWorm:mummy:ShadowDemon:orcishmage:ShadowHound||||||6180|552|0|2|45|60|2|2|1|1|0|0|0|0|0
*|stonegargoyle:lizardmanarcher:slime:GorgonRiding:harpy:naga:spectre:shade:MechanicalScorpion:ghoul:SoulWorm:mummy:ShadowDemon:orcishmage:ShadowHound||||||6183|177|0|2|45|60|2|2|1|1|0|0|0|0|0
*|stonegargoyle:lizardmanarcher:slime:GorgonRiding:harpy:naga:spectre:shade:MechanicalScorpion:ghoul:SoulWorm:mummy:ShadowDemon:orcishmage:ShadowHound||||||6350|643|0|2|45|60|2|2|1|1|0|0|0|0|0
*|stonegargoyle:lizardmanarcher:slime:GorgonRiding:harpy:naga:spectre:shade:MechanicalScorpion:ghoul:SoulWorm:mummy:ShadowDemon:orcishmage:ShadowHound||||||6185|61|0|2|45|60|2|2|1|1|0|0|0|0|0
*|stonegargoyle:lizardmanarcher:slime:GorgonRiding:harpy:naga:spectre:shade:MechanicalScorpion:ghoul:SoulWorm:mummy:ShadowDemon:orcishmage:ShadowHound||||||6274|227|0|2|45|60|2|2|1|1|0|0|0|0|0
*|stonegargoyle:lizardmanarcher:slime:GorgonRiding:harpy:naga:spectre:shade:MechanicalScorpion:ghoul:SoulWorm:mummy:ShadowDemon:orcishmage:ShadowHound||||||6187|592|0|2|45|60|2|2|1|1|0|0|0|0|0
*|stonegargoyle:lizardmanarcher:slime:GorgonRiding:harpy:naga:spectre:shade:MechanicalScorpion:ghoul:SoulWorm:mummy:ShadowDemon:orcishmage:ShadowHound||||||6355|292|0|2|45|60|2|2|1|1|0|0|0|0|0
*|stonegargoyle:lizardmanarcher:slime:GorgonRiding:harpy:naga:spectre:shade:MechanicalScorpion:ghoul:SoulWorm:mummy:ShadowDemon:orcishmage:ShadowHound||||||6188|423|0|2|45|60|2|2|1|1|0|0|0|0|0
*|stonegargoyle:lizardmanarcher:slime:GorgonRiding:harpy:naga:spectre:shade:MechanicalScorpion:ghoul:SoulWorm:mummy:ShadowDemon:orcishmage:ShadowHound||||||6483|693|0|2|45|60|2|2|1|1|0|0|0|0|0
*|stonegargoyle:lizardmanarcher:slime:GorgonRiding:harpy:naga:spectre:shade:MechanicalScorpion:ghoul:SoulWorm:mummy:ShadowDemon:orcishmage:ShadowHound||||||6493|541|0|2|45|60|2|2|1|1|0|0|0|0|0
*|stonegargoyle:lizardmanarcher:slime:GorgonRiding:harpy:naga:spectre:shade:MechanicalScorpion:ghoul:SoulWorm:mummy:ShadowDemon:orcishmage:ShadowHound||||||6195|554|0|2|45|60|2|2|1|1|0|0|0|0|0
*|stonegargoyle:lizardmanarcher:slime:GorgonRiding:harpy:naga:spectre:shade:MechanicalScorpion:ghoul:SoulWorm:mummy:ShadowDemon:orcishmage:ShadowHound||||||6361|732|0|2|45|60|2|2|1|1|0|0|0|0|0
*|stonegargoyle:lizardmanarcher:slime:GorgonRiding:harpy:naga:spectre:shade:MechanicalScorpion:ghoul:SoulWorm:mummy:ShadowDemon:orcishmage:ShadowHound||||||6284|737|0|2|45|60|2|2|1|1|0|0|0|0|0
*|stonegargoyle:lizardmanarcher:slime:GorgonRiding:harpy:naga:spectre:shade:MechanicalScorpion:ghoul:SoulWorm:mummy:ShadowDemon:orcishmage:ShadowHound||||||6202|539|0|2|45|60|2|2|1|1|0|0|0|0|0
*|stonegargoyle:lizardmanarcher:slime:GorgonRiding:harpy:naga:spectre:shade:MechanicalScorpion:ghoul:SoulWorm:mummy:ShadowDemon:orcishmage:ShadowHound||||||6364|491|0|2|45|60|2|2|1|1|0|0|0|0|0
*|stonegargoyle:lizardmanarcher:slime:GorgonRiding:harpy:naga:spectre:shade:MechanicalScorpion:ghoul:SoulWorm:mummy:ShadowDemon:orcishmage:ShadowHound||||||6204|230|0|2|45|60|2|2|1|1|0|0|0|0|0
*|stonegargoyle:lizardmanarcher:slime:GorgonRiding:harpy:naga:spectre:shade:MechanicalScorpion:ghoul:SoulWorm:mummy:ShadowDemon:orcishmage:ShadowHound||||||6291|231|0|2|45|60|2|2|1|1|0|0|0|0|0
*|stonegargoyle:lizardmanarcher:slime:GorgonRiding:harpy:naga:spectre:shade:MechanicalScorpion:ghoul:SoulWorm:mummy:ShadowDemon:orcishmage:ShadowHound||||||6206|176|0|2|45|60|2|2|1|1|0|0|0|0|0
*|stonegargoyle:lizardmanarcher:slime:GorgonRiding:harpy:naga:spectre:shade:MechanicalScorpion:ghoul:SoulWorm:mummy:ShadowDemon:orcishmage:ShadowHound||||||6295|159|0|2|45|60|2|2|1|1|0|0|0|0|0
*|stonegargoyle:lizardmanarcher:slime:GorgonRiding:harpy:naga:spectre:shade:MechanicalScorpion:ghoul:SoulWorm:mummy:ShadowDemon:orcishmage:ShadowHound||||||6209|398|0|2|45|60|2|2|1|1|0|0|0|0|0
*|stonegargoyle:lizardmanarcher:slime:GorgonRiding:harpy:naga:spectre:shade:MechanicalScorpion:ghoul:SoulWorm:mummy:ShadowDemon:orcishmage:ShadowHound||||||6296|584|0|2|45|60|2|2|1|1|0|0|0|0|0
*|stonegargoyle:lizardmanarcher:slime:GorgonRiding:harpy:naga:spectre:shade:MechanicalScorpion:ghoul:SoulWorm:mummy:ShadowDemon:orcishmage:ShadowHound||||||6214|160|0|2|45|60|2|2|1|1|0|0|0|0|0
*|stonegargoyle:lizardmanarcher:slime:GorgonRiding:harpy:naga:spectre:shade:MechanicalScorpion:ghoul:SoulWorm:mummy:ShadowDemon:orcishmage:ShadowHound||||||6377|493|0|2|45|60|2|2|1|1|0|0|0|0|0
*|stonegargoyle:lizardmanarcher:slime:GorgonRiding:harpy:naga:spectre:shade:MechanicalScorpion:ghoul:SoulWorm:mummy:ShadowDemon:orcishmage:ShadowHound||||||6216|519|0|2|45|60|2|2|1|1|0|0|0|0|0
*|stoneharpy||||||6416|102|0|2|45|60|2|2|1|1|0|0|0|0|0
*|sunlyte||||||6229|479|0|2|45|60|2|2|1|1|0|0|0|0|0
*|sunlyte||||||6229|492|0|2|45|60|2|2|1|1|0|0|0|0|0
*|sunlyte||||||6244|478|0|2|45|60|2|2|1|1|0|0|0|0|0
*|sunlyte||||||6244|493|0|2|45|60|2|2|1|1|0|0|0|0|0
*|swamptroll||||||6385|255|10|2|45|60|2|2|1|1|0|0|0|0|0
*|toxicelemental||||||6221|28|0|2|45|60|2|2|1|1|0|0|0|0|0
*|toxicelemental||||||6221|70|0|2|45|60|2|2|1|1|0|0|0|0|0
*|toxicelemental||||||6183|46|0|2|45|60|2|2|1|1|0|0|0|0|0
*|troll||||||6364|445|0|2|45|60|2|2|1|1|0|0|0|0|0
*|undeaddruid||||||6448|664|0|2|45|60|2|2|1|1|0|0|0|0|0
*|vampire||||||6223|678|0|2|45|60|2|2|1|1|0|0|0|0|0
*|vampire||||||6389|544|0|2|45|60|2|2|1|1|0|0|0|0|0
*|vampire||||||6394|294|0|2|45|60|2|2|1|1|0|0|0|0|0
*|vampire||||||6234|471|25|2|45|60|2|2|1|1|0|0|0|0|0
*|vampire||||||6401|558|0|2|45|60|2|2|1|1|0|0|0|0|0
*|vampire||||||6405|297|23|2|45|60|2|2|1|1|0|0|0|0|0
*|vampire||||||6406|297|0|2|45|60|2|2|1|1|0|0|0|0|0
*|vampire||||||6245|472|25|2|45|60|2|2|1|1|0|0|0|0|0
*|vampire||||||6341|687|0|2|45|60|2|2|1|1|0|0|0|0|0
*|vampire||||||6447|616|0|2|45|60|2|2|1|1|0|0|0|0|0
*|vampire||||||6464|531|0|2|45|60|2|2|1|1|0|0|0|0|0
*|vampire||||||6473|604|0|2|45|60|2|2|1|1|0|0|0|0|0
*|vampire||||||6201|676|0|2|45|60|2|2|1|1|0|0|0|0|0
*|vampirebat||||||6398|295|23|2|45|60|2|2|1|1|0|0|0|0|0
*|vampirebat||||||6332|688|0|2|45|60|2|2|1|1|0|0|0|0|0
*|vampirebat||||||6333|695|0|2|45|60|2|2|1|1|0|0|0|0|0
*|vampirebat||||||6449|608|0|2|45|60|2|2|1|1|0|0|0|0|0
*|vampirelord||||||6305|554|0|2|45|60|2|2|1|1|0|0|0|0|0
*|vampirelord||||||6390|559|0|2|45|60|2|2|1|1|0|0|0|0|0
*|vampirelord||||||6393|293|23|2|45|60|2|2|1|1|0|0|0|0|0
*|vampirelord||||||6404|545|0|2|45|60|2|2|1|1|0|0|0|0|0
*|vampirelord||||||6340|695|0|2|45|60|2|2|1|1|0|0|0|0|0
*|vampirelord||||||6459|510|0|2|45|60|2|2|1|1|0|0|0|0|0
*|vampirelord||||||6459|606|0|2|45|60|2|2|1|1|0|0|0|0|0
*|walkingreaper||||||6394|256|0|2|45|60|2|2|1|1|0|0|0|0|0
*|waterelemental:waterweird||||||6249|47|1|2|45|60|2|2|1|1|0|0|0|0|0
*|waterelemental:waterweird||||||6253|226|0|2|45|60|2|2|1|1|0|0|0|0|0
*|waterelemental:waterweird||||||6260|219|0|2|45|60|2|2|1|1|0|0|0|0|0
*|waterelemental:waterweird||||||6261|622|0|2|45|60|2|2|1|1|0|0|0|0|0
*|waterelemental:waterweird||||||6271|629|0|2|45|60|2|2|1|1|0|0|0|0|0
*|waterelemental:waterweird||||||6281|624|0|2|45|60|2|2|1|1|0|0|0|0|0
#
#######################################
##        FARM ANIMALS                ##
#######################################
*|sheep||||||6786|1792|20|2|5|10|2|2|1|4|0|0|0|0|0

#######################################
##        WILDLIFE                    ##
#######################################
# From animals.map - Kuldara area wildlife
# *|BlackBear:Boar:BrownBear:Cougar:Fox:GreatHart:GreyWolf:GrizzlyBearRiding:Hind:Jaguar:TimberWolf|Bird:Bird:Bird:Bird:Eagle|||||6602|1620|53|2|1|2|21|21|8989|7|2|0|0|0|0
# *|BlackBear:Boar:BrownBear:Cougar:Fox:GreatHart:GreyWolf:GrizzlyBearRiding:Hind:Jaguar:TimberWolf|Bird:Bird:Bird:Bird:Eagle|||||6636|1875|53|2|1|2|16|16|8989|5|1|0|0|0|0
# *|BlackBear:Boar:BrownBear:Cougar:Fox:GreatHart:GreyWolf:GrizzlyBearRiding:Hind:Jaguar:TimberWolf|Bird:Bird:Bird:Bird:Eagle|||||6638|1639|53|2|1|2|22|22|8989|7|2|0|0|0|0
# *|BlackBear:Boar:BrownBear:Cougar:Fox:GreatHart:GreyWolf:GrizzlyBearRiding:Hind:Jaguar:TimberWolf|Bird:Bird:Bird:Bird:Eagle|||||6677|1634|53|2|1|2|20|20|8989|7|2|0|0|0|0
# *|BlackBear:Boar:BrownBear:Cougar:Fox:GreatHart:GreyWolf:GrizzlyBearRiding:Hind:Jaguar:TimberWolf|Bird:Bird:Bird:Bird:Eagle|||||6710|1614|53|2|1|2|22|22|8989|7|2|0|0|0|0
# *|BrownBear:Elephant:Fox:Goat:GreatHart:Hind:Horse:Jaguar:RidableLlama:MountainGoat:Zebra|Bird:Bird:Bird:Bird:Eagle:Hawk|||||6547|1780|53|2|1|2|41|41|8989|14|4|0|0|0|0
# *|BrownBear:Elephant:Fox:Goat:GreatHart:Hind:Horse:Jaguar:RidableLlama:MountainGoat:Zebra|Bird:Bird:Bird:Bird:Eagle:Hawk|||||6554|1643|53|2|1|2|30|30|8989|10|3|0|0|0|0
# *|BrownBear:Elephant:Fox:Goat:GreatHart:Hind:Horse:Jaguar:RidableLlama:MountainGoat:Zebra|Bird:Bird:Bird:Bird:Eagle:Hawk|||||6554|1706|53|2|1|2|38|38|8989|13|4|0|0|0|0
# *|BrownBear:Elephant:Fox:Goat:GreatHart:Hind:Horse:Jaguar:RidableLlama:MountainGoat:Zebra|Bird:Bird:Bird:Bird:Eagle:Hawk|||||6586|1831|53|2|1|2|22|22|8989|7|2|0|0|0|0
# *|BrownBear:Elephant:Fox:Goat:GreatHart:Hind:Horse:Jaguar:RidableLlama:MountainGoat:Zebra|Bird:Bird:Bird:Bird:Eagle:Hawk|||||6865|1836|53|2|1|2|33|33|8989|11|3|0|0|0|0
# *|BrownBear:Elephant:Fox:Goat:GreatHart:Hind:Horse:Jaguar:RidableLlama:MountainGoat:Zebra|Bird:Bird:Bird:Bird:Eagle:Hawk|||||6868|1757|53|2|1|2|51|51|8989|17|5|0|0|0|0
# *|BrownBear:Elephant:Fox:Goat:GreatHart:Hind:Horse:Jaguar:RidableLlama:MountainGoat:Zebra|Bird:Bird:Bird:Bird:Eagle:Hawk|||||6871|1680|53|2|1|2|30|30|8989|10|3|0|0|0|0
# *|BrownBear:Elephant:Fox:Goat:GreatHart:Hind:Horse:Jaguar:RidableLlama:MountainGoat:Zebra|Bird:Bird:Bird:Bird:Eagle:Hawk|||||6515|1736|53|2|1|2|17|17|8989|5|1|0|0|0|0
# *|BrownBear:Elephant:Fox:Goat:GreatHart:Hind:Horse:Jaguar:RidableLlama:MountainGoat:Zebra|Bird:Bird:Bird:Bird:Eagle:Hawk|||||6533|1848|53|2|1|2|34|34|8989|11|3|0|0|0|0

# Original Kuldara wildlife spawner
*|BlackBear:Boar:BrownBear:Cougar:Fox:GreatHart:GreyWolf:GrizzlyBearRiding:Hind:Jaguar:TimberWolf|Bird:Bird:Bird:Bird:Eagle|||||6778|1391|8|2|120s|10m|30|30|8989|3|4|0|0|0|0


#######################################################################
##                    COMMENTED OUT SPAWNS                           ##
#######################################################################
#*|Medusa:CorruptCentaur:DarkReaper:WhippingVine:Medusa:CorruptCentaur:DarkReaper:WhippingVine:DarkWisp:ShadowWisp||||||2962|898|60|2|45s|35|1|1|7725|1|0|0|0|0|0
####
#   New
####

#######################################################################
# MINE SPIRIT
#######################################################################
!|MineSpirit|ValoriteOre|95|95|115|3|6709|451|0|2
!|MineSpirit|RoseniumOre|100|100|120|3|6716|453|0|2